Component: ARM Compiler 5.05 (build 41) Tool: armlink [4d0eb9]

==============================================================================

Section Cross References

    main.o(i.CDMALEDTask) refers to stm32f10x_gpio.o(i.GPIO_ResetBits) for GPIO_ResetBits
    main.o(i.CDMALEDTask) refers to os_time.o(i.OSTimeDlyHMSM) for OSTimeDlyHMSM
    main.o(i.CDMALEDTask) refers to stm32f10x_gpio.o(i.GPIO_SetBits) for GPIO_SetBits
    main.o(i.CDMALEDTask) refers to main.o(.data) for freCDMALed
    main.o(i.GPSLEDTask) refers to stm32f10x_gpio.o(i.GPIO_ResetBits) for GPIO_ResetBits
    main.o(i.GPSLEDTask) refers to os_time.o(i.OSTimeDlyHMSM) for OSTimeDlyHMSM
    main.o(i.GPSLEDTask) refers to stm32f10x_gpio.o(i.GPIO_SetBits) for GPIO_SetBits
    main.o(i.GPSLEDTask) refers to main.o(.data) for freGPSLed
    main.o(i.OBDLEDTask) refers to stm32f10x_gpio.o(i.GPIO_ResetBits) for GPIO_ResetBits
    main.o(i.OBDLEDTask) refers to os_time.o(i.OSTimeDlyHMSM) for OSTimeDlyHMSM
    main.o(i.OBDLEDTask) refers to stm32f10x_gpio.o(i.GPIO_SetBits) for GPIO_SetBits
    main.o(i.OBDLEDTask) refers to main.o(.data) for freOBDLed
    main.o(i.StartTask) refers to os_cpu_a.o(.text) for OS_CPU_SR_Save
    main.o(i.StartTask) refers to os_task.o(i.OSTaskCreate) for OSTaskCreate
    main.o(i.StartTask) refers to os_task.o(i.OSTaskSuspend) for OSTaskSuspend
    main.o(i.StartTask) refers to os_time.o(i.OSTimeDlyHMSM) for OSTimeDlyHMSM
    main.o(i.StartTask) refers to main.o(.bss) for CDMA_TASK_STK
    main.o(i.StartTask) refers to cdmatask.o(i.CDMATask) for CDMATask
    main.o(i.StartTask) refers to gpstask.o(i.GPSTask) for GPSTask
    main.o(i.StartTask) refers to obdtask.o(i.OBDTask) for OBDTask
    main.o(i.StartTask) refers to main.o(i.CDMALEDTask) for CDMALEDTask
    main.o(i.StartTask) refers to main.o(i.GPSLEDTask) for GPSLEDTask
    main.o(i.StartTask) refers to main.o(i.OBDLEDTask) for OBDLEDTask
    main.o(i.main) refers to misc.o(i.NVIC_PriorityGroupConfig) for NVIC_PriorityGroupConfig
    main.o(i.main) refers to os_core.o(i.OSInit) for OSInit
    main.o(i.main) refers to bsp.o(i.SystemBspInit) for SystemBspInit
    main.o(i.main) refers to memblock.o(i.MemBuf_Init) for MemBuf_Init
    main.o(i.main) refers to os_task.o(i.OSTaskCreate) for OSTaskCreate
    main.o(i.main) refers to os_core.o(i.OSStart) for OSStart
    main.o(i.main) refers to main.o(.bss) for START_TASK_STK
    main.o(i.main) refers to main.o(i.StartTask) for StartTask
    system_stm32f10x.o(i.SetSysClock) refers to system_stm32f10x.o(i.SetSysClockTo72) for SetSysClockTo72
    system_stm32f10x.o(i.SystemCoreClockUpdate) refers to system_stm32f10x.o(.data) for SystemCoreClock
    system_stm32f10x.o(i.SystemInit) refers to system_stm32f10x.o(i.SetSysClock) for SetSysClock
    gpstask.o(i.GPSTask) refers to os_time.o(i.OSTimeDlyHMSM) for OSTimeDlyHMSM
    cdmatask.o(i.CDMATask) refers to memq.o(i.Cir_Queue_Init) for Cir_Queue_Init
    cdmatask.o(i.CDMATask) refers to memstore.o(i.Store_Init) for Store_Init
    cdmatask.o(i.CDMATask) refers to stm32f10x_gpio.o(i.GPIO_ResetBits) for GPIO_ResetBits
    cdmatask.o(i.CDMATask) refers to os_time.o(i.OSTimeDlyHMSM) for OSTimeDlyHMSM
    cdmatask.o(i.CDMATask) refers to stm32f10x_gpio.o(i.GPIO_SetBits) for GPIO_SetBits
    cdmatask.o(i.CDMATask) refers to cdma_tx_rx.o(i.CDMASendDatas) for CDMASendDatas
    cdmatask.o(i.CDMATask) refers to cdmatask.o(.data) for sendCDMA_Q
    cdmatask.o(i.CDMATask) refers to cdmatask.o(.constdata) for atCmd
    cdma_tx_rx.o(i.CDMASendByte) refers to memq.o(i.CirQ_GetLength) for CirQ_GetLength
    cdma_tx_rx.o(i.CDMASendByte) refers to os_cpu_a.o(.text) for OS_CPU_SR_Save
    cdma_tx_rx.o(i.CDMASendByte) refers to memq.o(i.CirQ_OnePush) for CirQ_OnePush
    cdma_tx_rx.o(i.CDMASendByte) refers to stm32f10x_usart.o(i.USART_SendData) for USART_SendData
    cdma_tx_rx.o(i.CDMASendByte) refers to cdmatask.o(.data) for sendCDMA_Q
    cdma_tx_rx.o(i.CDMASendDatas) refers to os_cpu_a.o(.text) for OS_CPU_SR_Save
    cdma_tx_rx.o(i.CDMASendDatas) refers to memq.o(i.CirQ_Pushs) for CirQ_Pushs
    cdma_tx_rx.o(i.CDMASendDatas) refers to memq.o(i.CirQ_GetLength) for CirQ_GetLength
    cdma_tx_rx.o(i.CDMASendDatas) refers to stm32f10x_usart.o(i.USART_ITConfig) for USART_ITConfig
    cdma_tx_rx.o(i.CDMASendDatas) refers to cdmatask.o(.data) for sendCDMA_Q
    cdma_tx_rx.o(i.USART2_IRQHandler) refers to os_core.o(i.OSIntEnter) for OSIntEnter
    cdma_tx_rx.o(i.USART2_IRQHandler) refers to stm32f10x_usart.o(i.USART_GetITStatus) for USART_GetITStatus
    cdma_tx_rx.o(i.USART2_IRQHandler) refers to stm32f10x_usart.o(i.USART_ReceiveData) for USART_ReceiveData
    cdma_tx_rx.o(i.USART2_IRQHandler) refers to memstore.o(i.Store_Push) for Store_Push
    cdma_tx_rx.o(i.USART2_IRQHandler) refers to stm32f10x_usart.o(i.USART_ClearITPendingBit) for USART_ClearITPendingBit
    cdma_tx_rx.o(i.USART2_IRQHandler) refers to memq.o(i.CirQ_GetLength) for CirQ_GetLength
[...]
    Removing stm32f10x_gpio.o(.revsh_text), (4 bytes).
    Removing stm32f10x_gpio.o(i.GPIO_AFIODeInit), (20 bytes).
    Removing stm32f10x_gpio.o(i.GPIO_DeInit), (200 bytes).
    Removing stm32f10x_gpio.o(i.GPIO_ETH_MediaInterfaceConfig), (12 bytes).
    Removing stm32f10x_gpio.o(i.GPIO_EXTILineConfig), (64 bytes).
    Removing stm32f10x_gpio.o(i.GPIO_EventOutputCmd), (12 bytes).
    Removing stm32f10x_gpio.o(i.GPIO_EventOutputConfig), (32 bytes).
    Removing stm32f10x_gpio.o(i.GPIO_PinLockConfig), (18 bytes).
    Removing stm32f10x_gpio.o(i.GPIO_ReadInputData), (8 bytes).
    Removing stm32f10x_gpio.o(i.GPIO_ReadInputDataBit), (18 bytes).
    Removing stm32f10x_gpio.o(i.GPIO_ReadOutputData), (8 bytes).
    Removing stm32f10x_gpio.o(i.GPIO_ReadOutputDataBit), (18 bytes).
    Removing stm32f10x_gpio.o(i.GPIO_StructInit), (16 bytes).
    Removing stm32f10x_gpio.o(i.GPIO_Write), (4 bytes).
    Removing stm32f10x_gpio.o(i.GPIO_WriteBit), (10 bytes).
    Removing stm32f10x_rcc.o(.rev16_text), (4 bytes).
    Removing stm32f10x_rcc.o(.revsh_text), (4 bytes).
    Removing stm32f10x_rcc.o(i.RCC_ADCCLKConfig), (24 bytes).
    Removing stm32f10x_rcc.o(i.RCC_APB2PeriphResetCmd), (32 bytes).
    Removing stm32f10x_rcc.o(i.RCC_AdjustHSICalibrationValue), (24 bytes).
    Removing stm32f10x_rcc.o(i.RCC_BackupResetCmd), (12 bytes).
    Removing stm32f10x_rcc.o(i.RCC_ClearFlag), (20 bytes).
    Removing stm32f10x_rcc.o(i.RCC_ClearITPendingBit), (12 bytes).
    Removing stm32f10x_rcc.o(i.RCC_ClockSecuritySystemCmd), (12 bytes).
    Removing stm32f10x_rcc.o(i.RCC_DeInit), (76 bytes).
    Removing stm32f10x_rcc.o(i.RCC_GetFlagStatus), (60 bytes).
    Removing stm32f10x_rcc.o(i.RCC_GetITStatus), (24 bytes).
    Removing stm32f10x_rcc.o(i.RCC_GetSYSCLKSource), (16 bytes).
    Removing stm32f10x_rcc.o(i.RCC_HCLKConfig), (24 bytes).
    Removing stm32f10x_rcc.o(i.RCC_HSEConfig), (76 bytes).
    Removing stm32f10x_rcc.o(i.RCC_HSICmd), (12 bytes).
    Removing stm32f10x_rcc.o(i.RCC_ITConfig), (32 bytes).
    Removing stm32f10x_rcc.o(i.RCC_LSEConfig), (52 bytes).
    Removing stm32f10x_rcc.o(i.RCC_LSICmd), (12 bytes).
    Removing stm32f10x_rcc.o(i.RCC_MCOConfig), (12 bytes).
    Removing stm32f10x_rcc.o(i.RCC_PCLK1Config), (24 bytes).
    Removing stm32f10x_rcc.o(i.RCC_PCLK2Config), (24 bytes).
    Removing stm32f10x_rcc.o(i.RCC_PLLCmd), (12 bytes).
    Removing stm32f10x_rcc.o(i.RCC_PLLConfig), (28 bytes).
    Removing stm32f10x_rcc.o(i.RCC_RTCCLKCmd), (12 bytes).
    Removing stm32f10x_rcc.o(i.RCC_RTCCLKConfig), (16 bytes).
    Removing stm32f10x_rcc.o(i.RCC_SYSCLKConfig), (24 bytes).
    Removing stm32f10x_rcc.o(i.RCC_USBCLKConfig), (12 bytes).
    Removing stm32f10x_rcc.o(i.RCC_WaitForHSEStartUp), (56 bytes).
    Removing stm32f10x_usart.o(.rev16_text), (4 bytes).
    Removing stm32f10x_usart.o(.revsh_text), (4 bytes).
    Removing stm32f10x_usart.o(i.USART_ClearFlag), (18 bytes).
    Removing stm32f10x_usart.o(i.USART_ClockInit), (34 bytes).
    Removing stm32f10x_usart.o(i.USART_ClockStructInit), (12 bytes).
    Removing stm32f10x_usart.o(i.USART_DMACmd), (18 bytes).
    Removing stm32f10x_usart.o(i.USART_DeInit), (156 bytes).
    Removing stm32f10x_usart.o(i.USART_GetFlagStatus), (26 bytes).
    Removing stm32f10x_usart.o(i.USART_HalfDuplexCmd), (24 bytes).
    Removing stm32f10x_usart.o(i.USART_IrDACmd), (24 bytes).
    Removing stm32f10x_usart.o(i.USART_IrDAConfig), (18 bytes).
    Removing stm32f10x_usart.o(i.USART_LINBreakDetectLengthConfig), (18 bytes).
    Removing stm32f10x_usart.o(i.USART_LINCmd), (24 bytes).
    Removing stm32f10x_usart.o(i.USART_OneBitMethodCmd), (24 bytes).
    Removing stm32f10x_usart.o(i.USART_OverSampling8Cmd), (22 bytes).
    Removing stm32f10x_usart.o(i.USART_ReceiverWakeUpCmd), (24 bytes).
    Removing stm32f10x_usart.o(i.USART_SendBreak), (10 bytes).
    Removing stm32f10x_usart.o(i.USART_SetAddress), (18 bytes).
    Removing stm32f10x_usart.o(i.USART_SetGuardTime), (16 bytes).
    Removing stm32f10x_usart.o(i.USART_SetPrescaler), (16 bytes).
    Removing stm32f10x_usart.o(i.USART_SmartCardCmd), (24 bytes).
    Removing stm32f10x_usart.o(i.USART_SmartCardNACKCmd), (24 bytes).
    Removing stm32f10x_usart.o(i.USART_StructInit), (24 bytes).
    Removing stm32f10x_usart.o(i.USART_WakeUpConfig), (18 bytes).
    Removing stm32f10x_bkp.o(.rev16_text), (4 bytes).
    Removing stm32f10x_bkp.o(.revsh_text), (4 bytes).
    Removing stm32f10x_bkp.o(i.BKP_ClearFlag), (20 bytes).
    Removing stm32f10x_bkp.o(i.BKP_ClearITPendingBit), (20 bytes).
    Removing stm32f10x_bkp.o(i.BKP_DeInit), (16 bytes).
    Removing stm32f10x_bkp.o(i.BKP_GetFlagStatus), (12 bytes).
    Removing stm32f10x_bkp.o(i.BKP_GetITStatus), (12 bytes).
    Removing stm32f10x_bkp.o(i.BKP_ITConfig), (12 bytes).
    Removing stm32f10x_bkp.o(i.BKP_RTCOutputConfig), (28 bytes).
    Removing stm32f10x_bkp.o(i.BKP_ReadBackupRegister), (28 bytes).
    Removing stm32f10x_bkp.o(i.BKP_SetRTCCalibrationValue), (28 bytes).
    Removing stm32f10x_bkp.o(i.BKP_TamperPinCmd), (12 bytes).
    Removing stm32f10x_bkp.o(i.BKP_TamperPinLevelConfig), (12 bytes).
    Removing stm32f10x_bkp.o(i.BKP_WriteBackupRegister), (28 bytes).
    Removing stm32f10x_can.o(.rev16_text), (4 bytes).
    Removing stm32f10x_can.o(.revsh_text), (4 bytes).
    Removing stm32f10x_can.o(i.CAN_CancelTransmit), (48 bytes).
    Removing stm32f10x_can.o(i.CAN_ClearFlag), (56 bytes).
    Removing stm32f10x_can.o(i.CAN_ClearITPendingBit), (168 bytes).
    Removing stm32f10x_can.o(i.CAN_DBGFreeze), (22 bytes).
    Removing stm32f10x_can.o(i.CAN_FIFORelease), (22 bytes).
    Removing stm32f10x_can.o(i.CAN_GetFlagStatus), (120 bytes).
    Removing stm32f10x_can.o(i.CAN_GetITStatus), (288 bytes).
    Removing stm32f10x_can.o(i.CAN_GetLSBTransmitErrorCounter), (12 bytes).
    Removing stm32f10x_can.o(i.CAN_GetLastErrorCode), (12 bytes).
    Removing stm32f10x_can.o(i.CAN_GetReceiveErrorCounter), (10 bytes).
    Removing stm32f10x_can.o(i.CAN_MessagePending), (30 bytes).
    Removing stm32f10x_can.o(i.CAN_OperatingModeRequest), (162 bytes).
    Removing stm32f10x_can.o(i.CAN_SlaveStartBank), (52 bytes).
    Removing stm32f10x_can.o(i.CAN_Sleep), (30 bytes).
    Removing stm32f10x_can.o(i.CAN_TTComModeCmd), (118 bytes).
    Removing stm32f10x_can.o(i.CAN_TransmitStatus), (160 bytes).
    Removing stm32f10x_can.o(i.CAN_WakeUp), (48 bytes).
    Removing stm32f10x_can.o(i.CheckITStatus), (18 bytes).
    Removing stm32f10x_dma.o(.rev16_text), (4 bytes).
    Removing stm32f10x_dma.o(.revsh_text), (4 bytes).
    Removing stm32f10x_dma.o(i.DMA_ClearFlag), (28 bytes).
    Removing stm32f10x_dma.o(i.DMA_ClearITPendingBit), (28 bytes).
    Removing stm32f10x_dma.o(i.DMA_Cmd), (24 bytes).
    Removing stm32f10x_dma.o(i.DMA_DeInit), (332 bytes).
    Removing stm32f10x_dma.o(i.DMA_GetCurrDataCounter), (8 bytes).
    Removing stm32f10x_dma.o(i.DMA_GetFlagStatus), (44 bytes).
    Removing stm32f10x_dma.o(i.DMA_GetITStatus), (44 bytes).
    Removing stm32f10x_dma.o(i.DMA_ITConfig), (18 bytes).
    Removing stm32f10x_dma.o(i.DMA_Init), (60 bytes).
    Removing stm32f10x_dma.o(i.DMA_SetCurrDataCounter), (4 bytes).
    Removing stm32f10x_dma.o(i.DMA_StructInit), (26 bytes).
    Removing stm32f10x_flash.o(.rev16_text), (4 bytes).
    Removing stm32f10x_flash.o(.revsh_text), (4 bytes).
    Removing stm32f10x_flash.o(i.FLASH_ClearFlag), (12 bytes).
    Removing stm32f10x_flash.o(i.FLASH_EnableWriteProtection), (196 bytes).
    Removing stm32f10x_flash.o(i.FLASH_EraseAllBank1Pages), (72 bytes).
    Removing stm32f10x_flash.o(i.FLASH_EraseAllPages), (72 bytes).
    Removing stm32f10x_flash.o(i.FLASH_EraseOptionBytes), (168 bytes).
    Removing stm32f10x_flash.o(i.FLASH_ErasePage), (76 bytes).
    Removing stm32f10x_flash.o(i.FLASH_GetBank1Status), (52 bytes).
    Removing stm32f10x_flash.o(i.FLASH_GetFlagStatus), (48 bytes).
    Removing stm32f10x_flash.o(i.FLASH_GetPrefetchBufferStatus), (24 bytes).
    Removing stm32f10x_flash.o(i.FLASH_GetReadOutProtectionStatus), (24 bytes).
    Removing stm32f10x_flash.o(i.FLASH_GetStatus), (52 bytes).
    Removing stm32f10x_flash.o(i.FLASH_GetUserOptionByte), (12 bytes).
    Removing stm32f10x_flash.o(i.FLASH_GetWriteProtectionOptionByte), (12 bytes).
    Removing stm32f10x_flash.o(i.FLASH_HalfCycleAccessCmd), (28 bytes).
    Removing stm32f10x_flash.o(i.FLASH_ITConfig), (32 bytes).
    Removing stm32f10x_flash.o(i.FLASH_Lock), (20 bytes).
    Removing stm32f10x_flash.o(i.FLASH_LockBank1), (20 bytes).
    Removing stm32f10x_flash.o(i.FLASH_PrefetchBufferCmd), (28 bytes).
    Removing stm32f10x_flash.o(i.FLASH_ProgramHalfWord), (64 bytes).
    Removing stm32f10x_flash.o(i.FLASH_ProgramOptionByteData), (84 bytes).
    Removing stm32f10x_flash.o(i.FLASH_ProgramWord), (108 bytes).
    Removing stm32f10x_flash.o(i.FLASH_ReadOutProtection), (172 bytes).
    Removing stm32f10x_flash.o(i.FLASH_SetLatency), (24 bytes).
    Removing stm32f10x_flash.o(i.FLASH_Unlock), (24 bytes).
    Removing stm32f10x_flash.o(i.FLASH_UnlockBank1), (24 bytes).
    Removing stm32f10x_flash.o(i.FLASH_UserOptionByteConfig), (104 bytes).
    Removing stm32f10x_flash.o(i.FLASH_WaitForLastBank1Operation), (38 bytes).
    Removing stm32f10x_flash.o(i.FLASH_WaitForLastOperation), (38 bytes).
    Removing stm32f10x_rtc.o(.rev16_text), (4 bytes).
    Removing stm32f10x_rtc.o(.revsh_text), (4 bytes).
    Removing stm32f10x_rtc.o(i.RTC_ClearFlag), (16 bytes).
    Removing stm32f10x_rtc.o(i.RTC_ClearITPendingBit), (16 bytes).
    Removing stm32f10x_rtc.o(i.RTC_EnterConfigMode), (20 bytes).
    Removing stm32f10x_rtc.o(i.RTC_ExitConfigMode), (20 bytes).
    Removing stm32f10x_rtc.o(i.RTC_GetCounter), (20 bytes).
    Removing stm32f10x_rtc.o(i.RTC_GetDivider), (24 bytes).
    Removing stm32f10x_rtc.o(i.RTC_GetFlagStatus), (24 bytes).
    Removing stm32f10x_rtc.o(i.RTC_GetITStatus), (36 bytes).
    Removing stm32f10x_rtc.o(i.RTC_ITConfig), (32 bytes).
    Removing stm32f10x_rtc.o(i.RTC_SetAlarm), (28 bytes).
    Removing stm32f10x_rtc.o(i.RTC_SetCounter), (28 bytes).
    Removing stm32f10x_rtc.o(i.RTC_SetPrescaler), (32 bytes).
    Removing stm32f10x_rtc.o(i.RTC_WaitForLastTask), (20 bytes).
    Removing stm32f10x_rtc.o(i.RTC_WaitForSynchro), (36 bytes).
    Removing stm32f10x_spi.o(.rev16_text), (4 bytes).
    Removing stm32f10x_spi.o(.revsh_text), (4 bytes).
    Removing stm32f10x_spi.o(i.I2S_Cmd), (24 bytes).
    Removing stm32f10x_spi.o(i.I2S_Init), (232 bytes).
    Removing stm32f10x_spi.o(i.I2S_StructInit), (20 bytes).
    Removing stm32f10x_spi.o(i.SPI_BiDirectionalLineConfig), (28 bytes).
    Removing stm32f10x_spi.o(i.SPI_CalculateCRC), (24 bytes).
    Removing stm32f10x_spi.o(i.SPI_Cmd), (24 bytes).
    Removing stm32f10x_spi.o(i.SPI_DataSizeConfig), (18 bytes).
    Removing stm32f10x_spi.o(i.SPI_GetCRC), (16 bytes).
    Removing stm32f10x_spi.o(i.SPI_GetCRCPolynomial), (6 bytes).
    Removing stm32f10x_spi.o(i.SPI_I2S_ClearFlag), (6 bytes).
    Removing stm32f10x_spi.o(i.SPI_I2S_ClearITPendingBit), (20 bytes).
    Removing stm32f10x_spi.o(i.SPI_I2S_DMACmd), (18 bytes).
    Removing stm32f10x_spi.o(i.SPI_I2S_DeInit), (88 bytes).
    Removing stm32f10x_spi.o(i.SPI_I2S_GetFlagStatus), (18 bytes).
    Removing stm32f10x_spi.o(i.SPI_I2S_GetITStatus), (52 bytes).
    Removing stm32f10x_spi.o(i.SPI_I2S_ITConfig), (32 bytes).
    Removing stm32f10x_spi.o(i.SPI_I2S_ReceiveData), (6 bytes).
    Removing stm32f10x_spi.o(i.SPI_I2S_SendData), (4 bytes).
    Removing stm32f10x_spi.o(i.SPI_Init), (60 bytes).
    Removing stm32f10x_spi.o(i.SPI_NSSInternalSoftwareConfig), (30 bytes).
    Removing stm32f10x_spi.o(i.SPI_SSOutputCmd), (24 bytes).
    Removing stm32f10x_spi.o(i.SPI_StructInit), (24 bytes).
    Removing stm32f10x_spi.o(i.SPI_TransmitCRC), (10 bytes).
    Removing stm32f10x_adc.o(.rev16_text), (4 bytes).
    Removing stm32f10x_adc.o(.revsh_text), (4 bytes).
    Removing stm32f10x_adc.o(i.ADC_AnalogWatchdogCmd), (20 bytes).
    Removing stm32f10x_adc.o(i.ADC_AnalogWatchdogSingleChannelConfig), (16 bytes).
    Removing stm32f10x_adc.o(i.ADC_AnalogWatchdogThresholdsConfig), (6 bytes).
    Removing stm32f10x_adc.o(i.ADC_AutoInjectedConvCmd), (22 bytes).
    Removing stm32f10x_adc.o(i.ADC_ClearFlag), (6 bytes).
    Removing stm32f10x_adc.o(i.ADC_ClearITPendingBit), (10 bytes).
    Removing stm32f10x_adc.o(i.ADC_Cmd), (22 bytes).
    Removing stm32f10x_adc.o(i.ADC_DMACmd), (22 bytes).
    Removing stm32f10x_adc.o(i.ADC_DeInit), (92 bytes).
    Removing stm32f10x_adc.o(i.ADC_DiscModeChannelCountConfig), (24 bytes).
    Removing stm32f10x_adc.o(i.ADC_DiscModeCmd), (22 bytes).
    Removing stm32f10x_adc.o(i.ADC_ExternalTrigConvCmd), (22 bytes).
    Removing stm32f10x_adc.o(i.ADC_ExternalTrigInjectedConvCmd), (22 bytes).
    Removing stm32f10x_adc.o(i.ADC_ExternalTrigInjectedConvConfig), (16 bytes).
    Removing stm32f10x_adc.o(i.ADC_GetCalibrationStatus), (20 bytes).
    Removing stm32f10x_adc.o(i.ADC_GetConversionValue), (8 bytes).
    Removing stm32f10x_adc.o(i.ADC_GetDualModeConversionValue), (12 bytes).
    Removing stm32f10x_adc.o(i.ADC_GetFlagStatus), (18 bytes).
    Removing stm32f10x_adc.o(i.ADC_GetITStatus), (36 bytes).
    Removing stm32f10x_adc.o(i.ADC_GetInjectedConversionValue), (28 bytes).
    Removing stm32f10x_adc.o(i.ADC_GetResetCalibrationStatus), (20 bytes).
    Removing stm32f10x_adc.o(i.ADC_GetSoftwareStartConvStatus), (20 bytes).
    Removing stm32f10x_adc.o(i.ADC_GetSoftwareStartInjectedConvCmdStatus), (20 bytes).
    Removing stm32f10x_adc.o(i.ADC_ITConfig), (24 bytes).
    Removing stm32f10x_adc.o(i.ADC_Init), (80 bytes).
    Removing stm32f10x_adc.o(i.ADC_InjectedChannelConfig), (130 bytes).
    Removing stm32f10x_adc.o(i.ADC_InjectedDiscModeCmd), (22 bytes).
    Removing stm32f10x_adc.o(i.ADC_InjectedSequencerLengthConfig), (24 bytes).
    Removing stm32f10x_adc.o(i.ADC_RegularChannelConfig), (184 bytes).
    Removing stm32f10x_adc.o(i.ADC_ResetCalibration), (10 bytes).
    Removing stm32f10x_adc.o(i.ADC_SetInjectedOffset), (20 bytes).
    Removing stm32f10x_adc.o(i.ADC_SoftwareStartConvCmd), (22 bytes).
    Removing stm32f10x_adc.o(i.ADC_SoftwareStartInjectedConvCmd), (22 bytes).
    Removing stm32f10x_adc.o(i.ADC_StartCalibration), (10 bytes).
    Removing stm32f10x_adc.o(i.ADC_StructInit), (18 bytes).
    Removing stm32f10x_adc.o(i.ADC_TempSensorVrefintCmd), (36 bytes).
    Removing os_core.o(.rev16_text), (4 bytes).
    Removing os_core.o(.revsh_text), (4 bytes).
    Removing os_core.o(i.OSSchedLock), (64 bytes).
    Removing os_core.o(i.OSSchedUnlock), (96 bytes).
    Removing os_core.o(i.OSStatInit), (76 bytes).
    Removing os_core.o(i.OSVersion), (6 bytes).
    Removing os_core.o(i.OS_Dummy), (2 bytes).
    Removing os_core.o(i.OS_MemCopy), (20 bytes).
    Removing os_core.o(i.OS_StrLen), (20 bytes).
    Removing os_flag.o(.rev16_text), (4 bytes).
    Removing os_flag.o(.revsh_text), (4 bytes).
    Removing os_flag.o(i.OSFlagAccept), (252 bytes).
    Removing os_flag.o(i.OSFlagCreate), (100 bytes).
    Removing os_flag.o(i.OSFlagDel), (228 bytes).
    Removing os_flag.o(i.OSFlagNameGet), (84 bytes).
    Removing os_flag.o(i.OSFlagNameSet), (72 bytes).
    Removing os_flag.o(i.OSFlagPend), (596 bytes).
    Removing os_flag.o(i.OSFlagPendGetFlagsRdy), (32 bytes).
    Removing os_flag.o(i.OSFlagPost), (312 bytes).
    Removing os_flag.o(i.OSFlagQuery), (48 bytes).
    Removing os_flag.o(i.OS_FlagBlock), (164 bytes).
    Removing os_flag.o(i.OS_FlagTaskRdy), (92 bytes).
    Removing os_flag.o(i.OS_FlagUnlink), (36 bytes).
    Removing os_mbox.o(.rev16_text), (4 bytes).
    Removing os_mbox.o(.revsh_text), (4 bytes).
    Removing os_mbox.o(i.OSMboxAccept), (38 bytes).
    Removing os_mbox.o(i.OSMboxCreate), (76 bytes).
    Removing os_mbox.o(i.OSMboxDel), (208 bytes).
    Removing os_mbox.o(i.OSMboxPend), (260 bytes).
    Removing os_mbox.o(i.OSMboxPendAbort), (128 bytes).
    Removing os_mbox.o(i.OSMboxPost), (80 bytes).
    Removing os_mbox.o(i.OSMboxPostOpt), (120 bytes).
    Removing os_mbox.o(i.OSMboxQuery), (76 bytes).
    Removing os_mem.o(.rev16_text), (4 bytes).
    Removing os_mem.o(.revsh_text), (4 bytes).
    Removing os_mem.o(i.OSMemNameGet), (64 bytes).
    Removing os_mem.o(i.OSMemNameSet), (52 bytes).
    Removing os_mem.o(i.OSMemQuery), (52 bytes).
    Removing os_mutex.o(.rev16_text), (4 bytes).
    Removing os_mutex.o(.revsh_text), (4 bytes).
    Removing os_mutex.o(i.OSMutexAccept), (144 bytes).
    Removing os_mutex.o(i.OSMutexCreate), (148 bytes).
    Removing os_mutex.o(i.OSMutexDel), (280 bytes).
    Removing os_mutex.o(i.OSMutexPend), (568 bytes).
    Removing os_mutex.o(i.OSMutexPost), (200 bytes).
    Removing os_mutex.o(i.OSMutexQuery), (112 bytes).
    Removing os_mutex.o(i.OSMutex_RdyAtPrio), (132 bytes).
    Removing os_q.o(.rev16_text), (4 bytes).
    Removing os_q.o(.revsh_text), (4 bytes).
    Removing os_q.o(i.OSQAccept), (88 bytes).
    Removing os_q.o(i.OSQDel), (248 bytes).
    Removing os_q.o(i.OSQFlush), (36 bytes).
    Removing os_q.o(i.OSQPendAbort), (128 bytes).
    Removing os_q.o(i.OSQPostFront), (116 bytes).
    Removing os_q.o(i.OSQPostOpt), (182 bytes).
    Removing os_q.o(i.OSQQuery), (98 bytes).
    Removing os_sem.o(.rev16_text), (4 bytes).
    Removing os_sem.o(.revsh_text), (4 bytes).
    Removing os_sem.o(i.OSSemAccept), (42 bytes).
    Removing os_sem.o(i.OSSemCreate), (76 bytes).
    Removing os_sem.o(i.OSSemDel), (208 bytes).
    Removing os_sem.o(i.OSSemPend), (236 bytes).
    Removing os_sem.o(i.OSSemPendAbort), (128 bytes).
    Removing os_sem.o(i.OSSemPost), (88 bytes).
    Removing os_sem.o(i.OSSemQuery), (76 bytes).
    Removing os_sem.o(i.OSSemSet), (66 bytes).
    Removing os_task.o(.rev16_text), (4 bytes).
    Removing os_task.o(.revsh_text), (4 bytes).
    Removing os_task.o(i.OSTaskChangePrio), (328 bytes).
    Removing os_task.o(i.OSTaskDel), (340 bytes).
    Removing os_task.o(i.OSTaskDelReq), (108 bytes).
    Removing os_task.o(i.OSTaskNameGet), (128 bytes).
    Removing os_task.o(i.OSTaskQuery), (92 bytes).
    Removing os_task.o(i.OSTaskRegGet), (68 bytes).
    Removing os_task.o(i.OSTaskRegSet), (72 bytes).
    Removing os_task.o(i.OSTaskResume), (172 bytes).
    Removing os_task.o(i.OS_TaskReturn), (24 bytes).
    Removing os_time.o(.rev16_text), (4 bytes).
    Removing os_time.o(.revsh_text), (4 bytes).
    Removing os_time.o(i.OSTimeDlyResume), (180 bytes).
    Removing os_time.o(i.OSTimeGet), (28 bytes).
    Removing os_time.o(i.OSTimeSet), (28 bytes).
    Removing os_tmr.o(.rev16_text), (4 bytes).
    Removing os_tmr.o(.revsh_text), (4 bytes).
    Removing os_cpu_c.o(.rev16_text), (4 bytes).
    Removing os_cpu_c.o(.revsh_text), (4 bytes).
    Removing os_cpu_c.o(i.OSTaskDelHook), (2 bytes).
    Removing os_cpu_c.o(i.OSTaskReturnHook), (2 bytes).
    Removing os_cpu_c.o(.data), (4 bytes).

372 unused section(s) (total 18414 bytes) removed from the image.

==============================================================================

Image Symbol Table

    Local Symbols

    Symbol Name                              Value     Ov Type        Size  Object(Section)

    ../clib/microlib/init/entry.s            0x00000000   Number         0  entry5.o ABSOLUTE
    ../clib/microlib/init/entry.s            0x00000000   Number         0  entry9a.o ABSOLUTE
    ../clib/microlib/init/entry.s            0x00000000   Number         0  entry8b.o ABSOLUTE
    ../clib/microlib/init/entry.s            0x00000000   Number         0  entry8a.o ABSOLUTE
    ../clib/microlib/init/entry.s            0x00000000   Number         0  entry7b.o ABSOLUTE
    ../clib/microlib/init/entry.s            0x00000000   Number         0  entry7a.o ABSOLUTE
    ../clib/microlib/init/entry.s            0x00000000   Number         0  entry11b.o ABSOLUTE
    ../clib/microlib/init/entry.s            0x00000000   Number         0  entry11a.o ABSOLUTE
    ../clib/microlib/init/entry.s            0x00000000   Number         0  entry2.o ABSOLUTE
    ../clib/microlib/init/entry.s            0x00000000   Number         0  entry.o ABSOLUTE
    ../clib/microlib/init/entry.s            0x00000000   Number         0  entry10b.o ABSOLUTE
    ../clib/microlib/init/entry.s            0x00000000   Number         0  entry10a.o ABSOLUTE
    ../clib/microlib/init/entry.s            0x00000000   Number         0  entry9b.o ABSOLUTE
    ../clib/microlib/string/memcpy.c         0x00000000   Number         0  memcpya.o ABSOLUTE
    ../clib/microlib/string/memcpy.c         0x00000000   Number         0  memcpyb.o ABSOLUTE
    ../clib/microlib/string/memset.c         0x00000000   Number         0  memseta.o ABSOLUTE
    ..\CDMA\CDMATask.c                       0x00000000   Number         0  cdmatask.o ABSOLUTE
    ..\CDMA\CDMA_Tx_Rx.c                     0x00000000   Number         0  cdma_tx_rx.o ABSOLUTE
    ..\CORE\core_cm3.c                       0x00000000   Number         0  core_cm3.o ABSOLUTE
    ..\DEAL\memBlock.c                       0x00000000   Number         0  memblock.o ABSOLUTE
    ..\DEAL\memQ.c                           0x00000000   Number         0  memq.o ABSOLUTE
    ..\DEAL\memStore.c                       0x00000000   Number         0  memstore.o ABSOLUTE
    ..\GPS\GPSTask.c                         0x00000000   Number         0  gpstask.o ABSOLUTE
    ..\HAEDWARE\CANConfig.c                  0x00000000   Number         0  canconfig.o ABSOLUTE
    ..\HAEDWARE\bsp.c                        0x00000000   Number         0  bsp.o ABSOLUTE
    ..\HAEDWARE\time_systick.c               0x00000000   Number         0  time_systick.o ABSOLUTE
    ..\LIB\src\misc.c                        0x00000000   Number         0  misc.o ABSOLUTE
    ..\LIB\src\stm32f10x_adc.c               0x00000000   Number         0  stm32f10x_adc.o ABSOLUTE
    ..\LIB\src\stm32f10x_bkp.c               0x00000000   Number         0  stm32f10x_bkp.o ABSOLUTE
    ..\LIB\src\stm32f10x_can.c               0x00000000   Number         0  stm32f10x_can.o ABSOLUTE
    ..\LIB\src\stm32f10x_dbgmcu.c            0x00000000   Number         0  stm32f10x_dbgmcu.o ABSOLUTE
    ..\LIB\src\stm32f10x_dma.c               0x00000000   Number         0  stm32f10x_dma.o ABSOLUTE
    ..\LIB\src\stm32f10x_flash.c             0x00000000   Number         0  stm32f10x_flash.o ABSOLUTE
    ..\LIB\src\stm32f10x_gpio.c              0x00000000   Number         0  stm32f10x_gpio.o ABSOLUTE
    ..\LIB\src\stm32f10x_rcc.c               0x00000000   Number         0  stm32f10x_rcc.o ABSOLUTE
    ..\LIB\src\stm32f10x_rtc.c               0x00000000   Number         0  stm32f10x_rtc.o ABSOLUTE
    ..\LIB\src\stm32f10x_spi.c               0x00000000   Number         0  stm32f10x_spi.o ABSOLUTE
    ..\LIB\src\stm32f10x_usart.c             0x00000000   Number         0  stm32f10x_usart.o ABSOLUTE
    ..\OBD\OBDCAN_Tx_Rx.c                    0x00000000   Number         0  obdcan_tx_rx.o ABSOLUTE
    ..\OBD\OBDKLineTxRx.c                    0x00000000   Number         0  obdklinetxrx.o ABSOLUTE
    ..\OBD\OBDTask.c                         0x00000000   Number         0  obdtask.o ABSOLUTE
    ..\OBD\caninformationlib.c               0x00000000   Number         0  caninformationlib.o ABSOLUTE
    ..\UCOSII\CORE\os_core.c                 0x00000000   Number         0  os_core.o ABSOLUTE
    ..\UCOSII\CORE\os_flag.c                 0x00000000   Number         0  os_flag.o ABSOLUTE
    ..\UCOSII\CORE\os_mbox.c                 0x00000000   Number         0  os_mbox.o ABSOLUTE
    ..\UCOSII\CORE\os_mem.c                  0x00000000   Number         0  os_mem.o ABSOLUTE
    ..\UCOSII\CORE\os_mutex.c                0x00000000   Number         0  os_mutex.o ABSOLUTE
    ..\UCOSII\CORE\os_q.c                    0x00000000   Number         0  os_q.o ABSOLUTE
    ..\UCOSII\CORE\os_sem.c                  0x00000000   Number         0  os_sem.o ABSOLUTE
    ..\UCOSII\CORE\os_task.c                 0x00000000   Number         0  os_task.o ABSOLUTE
    ..\UCOSII\CORE\os_time.c                 0x00000000   Number         0  os_time.o ABSOLUTE
    ..\UCOSII\CORE\os_tmr.c                  0x00000000   Number         0  os_tmr.o ABSOLUTE
    ..\UCOSII\PORT\os_cpu_a.asm              0x00000000   Number         0  os_cpu_a.o ABSOLUTE
    ..\UCOSII\PORT\os_cpu_c.c                0x00000000   Number         0  os_cpu_c.o ABSOLUTE
    ..\\CDMA\\CDMATask.c                     0x00000000   Number         0  cdmatask.o ABSOLUTE
    ..\\CDMA\\CDMA_Tx_Rx.c                   0x00000000   Number         0  cdma_tx_rx.o ABSOLUTE
    ..\\CORE\\core_cm3.c                     0x00000000   Number         0  core_cm3.o ABSOLUTE
    ..\\DEAL\\memBlock.c                     0x00000000   Number         0  memblock.o ABSOLUTE
    ..\\DEAL\\memQ.c                         0x00000000   Number         0  memq.o ABSOLUTE
    ..\\DEAL\\memStore.c                     0x00000000   Number         0  memstore.o ABSOLUTE
    ..\\GPS\\GPSTask.c                       0x00000000   Number         0  gpstask.o ABSOLUTE
    ..\\HAEDWARE\\CANConfig.c                0x00000000   Number         0  canconfig.o ABSOLUTE
    ..\\HAEDWARE\\bsp.c                      0x00000000   Number         0  bsp.o ABSOLUTE
    ..\\HAEDWARE\\time_systick.c             0x00000000   Number         0  time_systick.o ABSOLUTE
    ..\\LIB\\src\\misc.c                     0x00000000   Number         0  misc.o ABSOLUTE
    ..\\LIB\\src\\stm32f10x_adc.c            0x00000000   Number         0  stm32f10x_adc.o ABSOLUTE
    ..\\LIB\\src\\stm32f10x_bkp.c            0x00000000   Number         0  stm32f10x_bkp.o ABSOLUTE
    ..\\LIB\\src\\stm32f10x_can.c            0x00000000   Number         0  stm32f10x_can.o ABSOLUTE
    ..\\LIB\\src\\stm32f10x_dbgmcu.c         0x00000000   Number         0  stm32f10x_dbgmcu.o ABSOLUTE
    ..\\LIB\\src\\stm32f10x_dma.c            0x00000000   Number         0  stm32f10x_dma.o ABSOLUTE
    ..\\LIB\\src\\stm32f10x_flash.c          0x00000000   Number         0  stm32f10x_flash.o ABSOLUTE
    ..\\LIB\\src\\stm32f10x_gpio.c           0x00000000   Number         0  stm32f10x_gpio.o ABSOLUTE
    ..\\LIB\\src\\stm32f10x_rcc.c            0x00000000   Number         0  stm32f10x_rcc.o ABSOLUTE
    ..\\LIB\\src\\stm32f10x_rtc.c            0x00000000   Number         0  stm32f10x_rtc.o ABSOLUTE
    ..\\LIB\\src\\stm32f10x_spi.c            0x00000000   Number         0  stm32f10x_spi.o ABSOLUTE
    ..\\LIB\\src\\stm32f10x_usart.c          0x00000000   Number         0  stm32f10x_usart.o ABSOLUTE
    ..\\OBD\\OBDCAN_Tx_Rx.c                  0x00000000   Number         0  obdcan_tx_rx.o ABSOLUTE
    ..\\OBD\\OBDKLineTxRx.c                  0x00000000   Number         0  obdklinetxrx.o ABSOLUTE
    ..\\OBD\\OBDTask.c                       0x00000000   Number         0  obdtask.o ABSOLUTE
    ..\\OBD\\caninformationlib.c             0x00000000   Number         0  caninformationlib.o ABSOLUTE
    ..\\UCOSII\\CORE\\os_core.c              0x00000000   Number         0  os_core.o ABSOLUTE
    ..\\UCOSII\\CORE\\os_flag.c              0x00000000   Number         0  os_flag.o ABSOLUTE
    ..\\UCOSII\\CORE\\os_mbox.c              0x00000000   Number         0  os_mbox.o ABSOLUTE
    ..\\UCOSII\\CORE\\os_mem.c               0x00000000   Number         0  os_mem.o ABSOLUTE
    ..\\UCOSII\\CORE\\os_mutex.c             0x00000000   Number         0  os_mutex.o ABSOLUTE
    ..\\UCOSII\\CORE\\os_q.c                 0x00000000   Number         0  os_q.o ABSOLUTE
    ..\\UCOSII\\CORE\\os_sem.c               0x00000000   Number         0  os_sem.o ABSOLUTE
    ..\\UCOSII\\CORE\\os_task.c              0x00000000   Number         0  os_task.o ABSOLUTE
    ..\\UCOSII\\CORE\\os_time.c              0x00000000   Number         0  os_time.o ABSOLUTE
    ..\\UCOSII\\CORE\\os_tmr.c               0x00000000   Number         0  os_tmr.o ABSOLUTE
    ..\\UCOSII\\PORT\\os_cpu_c.c             0x00000000   Number         0  os_cpu_c.o ABSOLUTE
    dc.s                                     0x00000000   Number         0  dc.o ABSOLUTE
    handlers.s                               0x00000000   Number         0  handlers.o ABSOLUTE
    init.s                                   0x00000000   Number         0  init.o ABSOLUTE
    main.c                                   0x00000000   Number         0  main.o ABSOLUTE
    main.c                                   0x00000000   Number         0  main.o ABSOLUTE
    startup_stm32f10x_hd.s                   0x00000000   Number         0  startup_stm32f10x_hd.o ABSOLUTE
    stm32f10x_it.c                           0x00000000   Number         0  stm32f10x_it.o ABSOLUTE
    stm32f10x_it.c                           0x00000000   Number         0  stm32f10x_it.o ABSOLUTE
    system_stm32f10x.c                       0x00000000   Number         0  system_stm32f10x.o ABSOLUTE
    system_stm32f10x.c                       0x00000000   Number         0  system_stm32f10x.o ABSOLUTE
    RESET                                    0x08000000   Section      304  startup_stm32f10x_hd.o(RESET)
    .ARM.Collect$$$$00000000                 0x08000130   Section        0  entry.o(.ARM.Collect$$$$00000000)
    .ARM.Collect$$$$00000001                 0x08000130   Section        4  entry2.o(.ARM.Collect$$$$00000001)
    .ARM.Collect$$$$00000004                 0x08000134   Section        4  entry5.o(.ARM.Collect$$$$00000004)
    .ARM.Collect$$$$00000008                 0x08000138   Section        0  entry7b.o(.ARM.Collect$$$$00000008)
    .ARM.Collect$$$$0000000A                 0x08000138   Section        0  entry8b.o(.ARM.Collect$$$$0000000A)
    .ARM.Collect$$$$0000000B                 0x08000138   Section        8  entry9a.o(.ARM.Collect$$$$0000000B)
    .ARM.Collect$$$$0000000D                 0x08000140   Section        0  entry10a.o(.ARM.Collect$$$$0000000D)
    .ARM.Collect$$$$0000000F                 0x08000140   Section        0  entry11a.o(.ARM.Collect$$$$0000000F)
    .ARM.Collect$$$$00002712                 0x08000140   Section        4  entry2.o(.ARM.Collect$$$$00002712)
    __lit__00000000                          0x08000140   Data           4  entry2.o(.ARM.Collect$$$$00002712)
    .text                                    0x08000144   Section       36  startup_stm32f10x_hd.o(.text)
    .text                                    0x08000168   Section      180  os_cpu_a.o(.text)
    .text                                    0x0800021c   Section        0  memcpya.o(.text)
    .text                                    0x08000240   Section        0  memseta.o(.text)
    .text                                    0x08000264   Section       36  init.o(.text)
    i.BspClockInit                           0x08000288   Section        0  bsp.o(i.BspClockInit)
    i.BusFault_Handler                       0x080002b8   Section        0  stm32f10x_it.o(i.BusFault_Handler)
    i.CAN1Config                             0x080002bc   Section        0  canconfig.o(i.CAN1Config)
    i.CAN1_BaudSet                           0x0800037c   Section        0  canconfig.o(i.CAN1_BaudSet)
    i.CAN1_RX1_IRQHandler                    0x080003ec   Section        0  obdcan_tx_rx.o(i.CAN1_RX1_IRQHandler)
    i.CAN1_SetFilter                         0x0800041c   Section        0  canconfig.o(i.CAN1_SetFilter)
    i.CAN_DeInit                             0x08000490   Section        0  stm32f10x_can.o(i.CAN_DeInit)
    i.CAN_FilterInit                         0x080004c8   Section        0  stm32f10x_can.o(i.CAN_FilterInit)
    i.CAN_ITConfig                           0x080005d0   Section        0  stm32f10x_can.o(i.CAN_ITConfig)
    i.CAN_Init                               0x080005e2   Section        0  stm32f10x_can.o(i.CAN_Init)
    i.CAN_Receive                            0x080006f6   Section        0  stm32f10x_can.o(i.CAN_Receive)
    i.CAN_StructInit                         0x080007e6   Section        0  stm32f10x_can.o(i.CAN_StructInit)
    i.CAN_Transmit                           0x08000806   Section        0  stm32f10x_can.o(i.CAN_Transmit)
    i.CDMALEDTask                            0x0800092c   Section        0  main.o(i.CDMALEDTask)
    i.CDMASendDatas                          0x08000988   Section        0  cdma_tx_rx.o(i.CDMASendDatas)
    i.CDMATask                               0x080009e8   Section        0  cdmatask.o(i.CDMATask)
    i.CDMAUart2Init                          0x08000a54   Section        0  bsp.o(i.CDMAUart2Init)
    i.CirQ_GetLength                         0x08000b7c   Section        0  memq.o(i.CirQ_GetLength)
    i.CirQ_OnePush                           0x08000b8a   Section        0  memq.o(i.CirQ_OnePush)
    i.CirQ_Pop                               0x08000bc2   Section        0  memq.o(i.CirQ_Pop)
    i.CirQ_Pushs                             0x08000bf8   Section        0  memq.o(i.CirQ_Pushs)
    i.Cir_Queue_Init                         0x08000c86   Section        0  memq.o(i.Cir_Queue_Init)
    i.DebugMon_Handler                       0x08000cbe   Section        0  stm32f10x_it.o(i.DebugMon_Handler)
    i.GPIOLEDInit                            0x08000cc0   Section        0  bsp.o(i.GPIOLEDInit)
    i.GPIO_Init                              0x08000cf4   Section        0  stm32f10x_gpio.o(i.GPIO_Init)
    i.GPIO_PinRemapConfig                    0x08000e0c   Section        0  stm32f10x_gpio.o(i.GPIO_PinRemapConfig)
    i.GPIO_ResetBits                         0x08000e9c   Section        0  stm32f10x_gpio.o(i.GPIO_ResetBits)
    i.GPIO_SetBits                           0x08000ea0   Section        0  stm32f10x_gpio.o(i.GPIO_SetBits)
    i.GPSLEDTask                             0x08000ea4   Section        0  main.o(i.GPSLEDTask)
    i.GPSTask                                0x08000f00   Section        0  gpstask.o(i.GPSTask)
    i.HardFault_Handler                      0x08000f10   Section        0  stm32f10x_it.o(i.HardFault_Handler)
    i.MemBuf_Init                            0x08000f14   Section        0  memblock.o(i.MemBuf_Init)
    i.MemManage_Handler                      0x08001020   Section        0  stm32f10x_it.o(i.MemManage_Handler)
    i.Mem_free                               0x08001024   Section        0  memblock.o(i.Mem_free)
    i.Mem_malloc                             0x080010d0   Section        0  memblock.o(i.Mem_malloc)
    i.NMI_Handler                            0x080011dc   Section        0  stm32f10x_it.o(i.NMI_Handler)
    i.NVIC_Init                              0x080011e0   Section        0  misc.o(i.NVIC_Init)
    i.NVIC_PriorityGroupConfig               0x08001250   Section        0  misc.o(i.NVIC_PriorityGroupConfig)
    i.OBDLEDTask                             0x08001264   Section        0  main.o(i.OBDLEDTask)
    i.OBDTask                                0x080012c0   Section        0  obdtask.o(i.OBDTask)
    i.OBD_CAN_SendData                       0x080013fc   Section        0  obdcan_tx_rx.o(i.OBD_CAN_SendData)
    i.OSInit                                 0x08001470   Section        0  os_core.o(i.OSInit)
    i.OSInitHookBegin                        0x080014a0   Section        0  os_cpu_c.o(i.OSInitHookBegin)
    i.OSInitHookEnd                          0x080014a2   Section        0  os_cpu_c.o(i.OSInitHookEnd)
    i.OSIntEnter                             0x080014a4   Section        0  os_core.o(i.OSIntEnter)
    i.OSIntExit                              0x080014c8   Section        0  os_core.o(i.OSIntExit)
    i.OSMemCreate                            0x08001558   Section        0  os_mem.o(i.OSMemCreate)
    i.OSMemGet                               0x080015d4   Section        0  os_mem.o(i.OSMemGet)
    i.OSMemPut                               0x08001612   Section        0  os_mem.o(i.OSMemPut)
    i.OSQCreate                              0x08001648   Section        0  os_q.o(i.OSQCreate)
    i.OSQPend                                0x080016e0   Section        0  os_q.o(i.OSQPend)
    i.OSQPost                                0x080017fc   Section        0  os_q.o(i.OSQPost)
    i.OSStart                                0x08001870   Section        0  os_core.o(i.OSStart)
    i.OSTCBInitHook                          0x080018b8   Section        0  os_cpu_c.o(i.OSTCBInitHook)
    i.OSTaskCreate                           0x080018bc   Section        0  os_task.o(i.OSTaskCreate)
    i.OSTaskCreateExt                        0x0800195c   Section        0  os_task.o(i.OSTaskCreateExt)
    i.OSTaskCreateHook                       0x08001a14   Section        0  os_cpu_c.o(i.OSTaskCreateHook)
    i.OSTaskIdleHook                         0x08001a16   Section        0  os_cpu_c.o(i.OSTaskIdleHook)
    i.OSTaskNameSet                          0x08001a18   Section        0  os_task.o(i.OSTaskNameSet)
    i.OSTaskStatHook                         0x08001a88   Section        0  os_cpu_c.o(i.OSTaskStatHook)
    i.OSTaskStkChk                           0x08001a8c   Section        0  os_task.o(i.OSTaskStkChk)
    i.OSTaskStkInit                          0x08001b18   Section        0  os_cpu_c.o(i.OSTaskStkInit)
    i.OSTaskSuspend                          0x08001bb4   Section        0  os_task.o(i.OSTaskSuspend)
    i.OSTaskSwHook                           0x08001c5c   Section        0  os_cpu_c.o(i.OSTaskSwHook)
    i.OSTimeDly                              0x08001c60   Section        0  os_time.o(i.OSTimeDly)
    i.OSTimeDlyHMSM                          0x08001cd8   Section        0  os_time.o(i.OSTimeDlyHMSM)
    i.OSTimeTick                             0x08001d38   Section        0  os_core.o(i.OSTimeTick)
    i.OSTimeTickHook                         0x08001e24   Section        0  os_cpu_c.o(i.OSTimeTickHook)
    i.OS_EventTaskRdy                        0x08001e28   Section        0  os_core.o(i.OS_EventTaskRdy)
    i.OS_EventTaskRemove                     0x08001eac   Section        0  os_core.o(i.OS_EventTaskRemove)
    i.OS_EventTaskWait                       0x08001ed8   Section        0  os_core.o(i.OS_EventTaskWait)
    i.OS_EventWaitListInit                   0x08001f54   Section        0  os_core.o(i.OS_EventWaitListInit)
    i.OS_FlagInit                            0x08001f70   Section        0  os_flag.o(i.OS_FlagInit)
    i.OS_InitEventList                       0x08001fa0   Section        0  os_core.o(i.OS_InitEventList)
    OS_InitEventList                         0x08001fa1   Thumb Code    76  os_core.o(i.OS_InitEventList)
    i.OS_InitMisc                            0x08001ff4   Section        0  os_core.o(i.OS_InitMisc)
    OS_InitMisc                              0x08001ff5   Thumb Code    44  os_core.o(i.OS_InitMisc)
    i.OS_InitRdyList                         0x08002048   Section        0  os_core.o(i.OS_InitRdyList)
    OS_InitRdyList                           0x08002049   Thumb Code    44  os_core.o(i.OS_InitRdyList)
    i.OS_InitTCBList                         0x0800208c   Section        0  os_core.o(i.OS_InitTCBList)
    OS_InitTCBList                           0x0800208d   Thumb Code   106  os_core.o(i.OS_InitTCBList)
    i.OS_InitTaskIdle                        0x0800210c   Section        0  os_core.o(i.OS_InitTaskIdle)
    OS_InitTaskIdle                          0x0800210d   Thumb Code    50  os_core.o(i.OS_InitTaskIdle)
    i.OS_InitTaskStat                        0x0800215c   Section        0  os_core.o(i.OS_InitTaskStat)
    OS_InitTaskStat                          0x0800215d   Thumb Code    50  os_core.o(i.OS_InitTaskStat)
    i.OS_MemClr                              0x080021ac   Section        0  os_core.o(i.OS_MemClr)
    i.OS_MemInit                             0x080021c0   Section        0  os_mem.o(i.OS_MemInit)
    i.OS_QInit                               0x08002218   Section        0  os_q.o(i.OS_QInit)
    i.OS_Sched                               0x08002268   Section        0  os_core.o(i.OS_Sched)
    i.OS_SchedNew                            0x080022dc   Section        0  os_core.o(i.OS_SchedNew)
    OS_SchedNew                              0x080022dd   Thumb Code    26  os_core.o(i.OS_SchedNew)
    i.OS_TCBInit                             0x08002308   Section        0  os_core.o(i.OS_TCBInit)
    i.OS_TaskIdle                            0x0800243c   Section        0  os_core.o(i.OS_TaskIdle)
    i.OS_TaskStat                            0x08002464   Section        0  os_core.o(i.OS_TaskStat)
    i.OS_TaskStatStkChk                      0x080024ec   Section        0  os_core.o(i.OS_TaskStatStkChk)
    i.OS_TaskStkClr                          0x08002528   Section        0  os_task.o(i.OS_TaskStkClr)
    i.RCC_AHBPeriphClockCmd                  0x08002544   Section        0  stm32f10x_rcc.o(i.RCC_AHBPeriphClockCmd)
    i.RCC_APB1PeriphClockCmd                 0x08002564   Section        0  stm32f10x_rcc.o(i.RCC_APB1PeriphClockCmd)
    i.RCC_APB1PeriphResetCmd                 0x08002584   Section        0  stm32f10x_rcc.o(i.RCC_APB1PeriphResetCmd)
    i.RCC_APB2PeriphClockCmd                 0x080025a4   Section        0  stm32f10x_rcc.o(i.RCC_APB2PeriphClockCmd)
    i.RCC_GetClocksFreq                      0x080025c4   Section        0  stm32f10x_rcc.o(i.RCC_GetClocksFreq)
    i.SVC_Handler                            0x08002698   Section        0  stm32f10x_it.o(i.SVC_Handler)
    i.SetSysClock                            0x0800269a   Section        0  system_stm32f10x.o(i.SetSysClock)
    SetSysClock                              0x0800269b   Thumb Code     8  system_stm32f10x.o(i.SetSysClock)
    i.SetSysClockTo72                        0x080026a4   Section        0  system_stm32f10x.o(i.SetSysClockTo72)
    SetSysClockTo72                          0x080026a5   Thumb Code   214  system_stm32f10x.o(i.SetSysClockTo72)
    i.StartTask                              0x08002784   Section        0  main.o(i.StartTask)
    i.Store_Init                             0x08002824   Section        0  memstore.o(i.Store_Init)
    i.Store_Push                             0x0800285a   Section        0  memstore.o(i.Store_Push)
    i.SysTickInit                            0x08002880   Section        0  bsp.o(i.SysTickInit)
    i.SysTick_CLKSourceConfig                0x080028e8   Section        0  misc.o(i.SysTick_CLKSourceConfig)
    i.SysTick_Handler                        0x08002910   Section        0  time_systick.o(i.SysTick_Handler)
    i.SystemBspInit                          0x08002920   Section        0  bsp.o(i.SystemBspInit)
    i.SystemCoreClockUpdate                  0x08002934   Section        0  system_stm32f10x.o(i.SystemCoreClockUpdate)
    i.SystemInit                             0x080029d8   Section        0  system_stm32f10x.o(i.SystemInit)
    i.USART2_IRQHandler                      0x08002a38   Section        0  cdma_tx_rx.o(i.USART2_IRQHandler)
    i.USART3_IRQHandler                      0x08002b00   Section        0  obdklinetxrx.o(i.USART3_IRQHandler)
    i.USART_ClearITPendingBit                0x08002b74   Section        0  stm32f10x_usart.o(i.USART_ClearITPendingBit)
    i.USART_Cmd                              0x08002b92   Section        0  stm32f10x_usart.o(i.USART_Cmd)
    i.USART_GetITStatus                      0x08002baa   Section        0  stm32f10x_usart.o(i.USART_GetITStatus)
    i.USART_ITConfig                         0x08002bfe   Section        0  stm32f10x_usart.o(i.USART_ITConfig)
    i.USART_Init                             0x08002c48   Section        0  stm32f10x_usart.o(i.USART_Init)
    i.USART_ReceiveData                      0x08002d20   Section        0  stm32f10x_usart.o(i.USART_ReceiveData)
    i.USART_SendData                         0x08002d2a   Section        0  stm32f10x_usart.o(i.USART_SendData)
    i.UsageFault_Handler                     0x08002d32   Section        0  stm32f10x_it.o(i.UsageFault_Handler)
    i.__scatterload_copy                     0x08002d36   Section       14  handlers.o(i.__scatterload_copy)
    i.__scatterload_null                     0x08002d44   Section        2  handlers.o(i.__scatterload_null)
    i.__scatterload_zeroinit                 0x08002d46   Section       14  handlers.o(i.__scatterload_zeroinit)
    i.main                                   0x08002d54   Section        0  main.o(i.main)
    .constdata                               0x08002d88   Section        4  cdmatask.o(.constdata)
    .constdata                               0x08002d8c   Section      256  os_core.o(.constdata)
    .data                                    0x20000000   Section        6  main.o(.data)
    .data                                    0x20000008   Section       20  system_stm32f10x.o(.data)
    .data                                    0x2000001c   Section        8  cdmatask.o(.data)
    .data                                    0x20000024   Section        2  cdma_tx_rx.o(.data)
    .data                                    0x20000028   Section       45  obdtask.o(.data)
    index                                    0x20000054   Data           1  obdtask.o(.data)
    .data                                    0x20000058   Section       28  memblock.o(.data)
    .data                                    0x20000074   Section       20  stm32f10x_rcc.o(.data)
    APBAHBPrescTable                         0x20000074   Data          16  stm32f10x_rcc.o(.data)
    ADCPrescTable                            0x20000084   Data           4  stm32f10x_rcc.o(.data)
    .data                                    0x20000088   Section       76  os_core.o(.data)
    .bss                                     0x200000d4   Section     2816  main.o(.bss)
    .bss                                     0x20000bd4   Section      126  obdtask.o(.bss)
    .bss                                     0x20000c54   Section       20  obdcan_tx_rx.o(.bss)
    TxMessage                                0x20000c54   Data          20  obdcan_tx_rx.o(.bss)
    .bss                                     0x20000c68   Section    30096  memblock.o(.bss)
    .bss                                     0x200081f8   Section     3484  os_core.o(.bss)
    STACK                                    0x20008f98   Section     1024  startup_stm32f10x_hd.o(STACK)

    Global Symbols

    Symbol Name                              Value     Ov Type        Size  Object(Section)

    BuildAttributes$$THM_ISAv4$P$D$K$B$S$PE$A:L22UL41UL21$X:L11$S22US41US21$IEEE1$IW$USESV6$~STKCKD$USESV7$~SHL$OSPACE$EBA8$MICROLIB$REQ8$PRES8$EABIv2 0x00000000   Number         0  anon$$obj.o ABSOLUTE
    __ARM_use_no_argv                        0x00000000   Number         0  main.o ABSOLUTE
    __cpp_initialize__aeabi_                  - Undefined Weak Reference
    __cxa_finalize                            - Undefined Weak Reference
    __decompress                              - Undefined Weak Reference
    _clock_init                               - Undefined Weak Reference
    _microlib_exit                            - Undefined Weak Reference
    __Vectors_Size                           0x00000130   Number         0  startup_stm32f10x_hd.o ABSOLUTE
    __Vectors                                0x08000000   Data           4  startup_stm32f10x_hd.o(RESET)
    __Vectors_End                            0x08000130   Data           0  startup_stm32f10x_hd.o(RESET)
    __main                                   0x08000131   Thumb Code     0  entry.o(.ARM.Collect$$$$00000000)
    _main_stk                                0x08000131   Thumb Code     0  entry2.o(.ARM.Collect$$$$00000001)
    _main_scatterload                        0x08000135   Thumb Code     0  entry5.o(.ARM.Collect$$$$00000004)
    __main_after_scatterload                 0x08000139   Thumb Code     0  entry5.o(.ARM.Collect$$$$00000004)
    _main_clock                              0x08000139   Thumb Code     0  entry7b.o(.ARM.Collect$$$$00000008)
    _main_cpp_init                           0x08000139   Thumb Code     0  entry8b.o(.ARM.Collect$$$$0000000A)
    _main_init                               0x08000139   Thumb Code     0  entry9a.o(.ARM.Collect$$$$0000000B)
    __rt_final_cpp                           0x08000141   Thumb Code     0  entry10a.o(.ARM.Collect$$$$0000000D)
    __rt_final_exit                          0x08000141   Thumb Code     0  entry11a.o(.ARM.Collect$$$$0000000F)
    Reset_Handler                            0x08000145   Thumb Code     8  startup_stm32f10x_hd.o(.text)
    ADC1_2_IRQHandler                        0x0800015f   Thumb Code     0  startup_stm32f10x_hd.o(.text)
    ADC3_IRQHandler                          0x0800015f   Thumb Code     0  startup_stm32f10x_hd.o(.text)
    CAN1_SCE_IRQHandler                      0x0800015f   Thumb Code     0  startup_stm32f10x_hd.o(.text)
    DMA1_Channel1_IRQHandler                 0x0800015f   Thumb Code     0  startup_stm32f10x_hd.o(.text)
    DMA1_Channel2_IRQHandler                 0x0800015f   Thumb Code     0  startup_stm32f10x_hd.o(.text)
    DMA1_Channel3_IRQHandler                 0x0800015f   Thumb Code     0  startup_stm32f10x_hd.o(.text)
    DMA1_Channel4_IRQHandler                 0x0800015f   Thumb Code     0  startup_stm32f10x_hd.o(.text)
    DMA1_Channel5_IRQHandler                 0x0800015f   Thumb Code     0  startup_stm32f10x_hd.o(.text)
    DMA1_Channel6_IRQHandler                 0x0800015f   Thumb Code     0  startup_stm32f10x_hd.o(.text)
    DMA1_Channel7_IRQHandler                 0x0800015f   Thumb Code     0  startup_stm32f10x_hd.o(.text)
    DMA2_Channel1_IRQHandler                 0x0800015f   Thumb Code     0  startup_stm32f10x_hd.o(.text)
    DMA2_Channel2_IRQHandler                 0x0800015f   Thumb Code     0  startup_stm32f10x_hd.o(.text)
    DMA2_Channel3_IRQHandler                 0x0800015f   Thumb Code     0  startup_stm32f10x_hd.o(.text)
    DMA2_Channel4_5_IRQHandler               0x0800015f   Thumb Code     0  startup_stm32f10x_hd.o(.text)
    EXTI0_IRQHandler                         0x0800015f   Thumb Code     0  startup_stm32f10x_hd.o(.text)
    EXTI15_10_IRQHandler                     0x0800015f   Thumb Code     0  startup_stm32f10x_hd.o(.text)
    EXTI1_IRQHandler                         0x0800015f   Thumb Code     0  startup_stm32f10x_hd.o(.text)
    EXTI2_IRQHandler                         0x0800015f   Thumb Code     0  startup_stm32f10x_hd.o(.text)
    EXTI3_IRQHandler                         0x0800015f   Thumb Code     0  startup_stm32f10x_hd.o(.text)
    EXTI4_IRQHandler                         0x0800015f   Thumb Code     0  startup_stm32f10x_hd.o(.text)
    EXTI9_5_IRQHandler                       0x0800015f   Thumb Code     0  startup_stm32f10x_hd.o(.text)
    FLASH_IRQHandler                         0x0800015f   Thumb Code     0  startup_stm32f10x_hd.o(.text)
    FSMC_IRQHandler                          0x0800015f   Thumb Code     0  startup_stm32f10x_hd.o(.text)
    I2C1_ER_IRQHandler                       0x0800015f   Thumb Code     0  startup_stm32f10x_hd.o(.text)
    I2C1_EV_IRQHandler                       0x0800015f   Thumb Code     0  startup_stm32f10x_hd.o(.text)
    I2C2_ER_IRQHandler                       0x0800015f   Thumb Code     0  startup_stm32f10x_hd.o(.text)
    I2C2_EV_IRQHandler                       0x0800015f   Thumb Code     0  startup_stm32f10x_hd.o(.text)
    PVD_IRQHandler                           0x0800015f   Thumb Code     0  startup_stm32f10x_hd.o(.text)
    RCC_IRQHandler                           0x0800015f   Thumb Code     0  startup_stm32f10x_hd.o(.text)
    RTCAlarm_IRQHandler                      0x0800015f   Thumb Code     0  startup_stm32f10x_hd.o(.text)
    RTC_IRQHandler                           0x0800015f   Thumb Code     0  startup_stm32f10x_hd.o(.text)
    SDIO_IRQHandler                          0x0800015f   Thumb Code     0  startup_stm32f10x_hd.o(.text)
    SPI1_IRQHandler                          0x0800015f   Thumb Code     0  startup_stm32f10x_hd.o(.text)
    SPI2_IRQHandler                          0x0800015f   Thumb Code     0  startup_stm32f10x_hd.o(.text)
    SPI3_IRQHandler                          0x0800015f   Thumb Code     0  startup_stm32f10x_hd.o(.text)
    TAMPER_IRQHandler                        0x0800015f   Thumb Code     0  startup_stm32f10x_hd.o(.text)
    TIM1_BRK_IRQHandler                      0x0800015f   Thumb Code     0  startup_stm32f10x_hd.o(.text)
    TIM1_CC_IRQHandler                       0x0800015f   Thumb Code     0  startup_stm32f10x_hd.o(.text)
    TIM1_TRG_COM_IRQHandler                  0x0800015f   Thumb Code     0  startup_stm32f10x_hd.o(.text)
    TIM1_UP_IRQHandler                       0x0800015f   Thumb Code     0  startup_stm32f10x_hd.o(.text)
    TIM2_IRQHandler                          0x0800015f   Thumb Code     0  startup_stm32f10x_hd.o(.text)
    TIM3_IRQHandler                          0x0800015f   Thumb Code     0  startup_stm32f10x_hd.o(.text)
    TIM4_IRQHandler                          0x0800015f   Thumb Code     0  startup_stm32f10x_hd.o(.text)
    TIM5_IRQHandler                          0x0800015f   Thumb Code     0  startup_stm32f10x_hd.o(.text)
    TIM6_IRQHandler                          0x0800015f   Thumb Code     0  startup_stm32f10x_hd.o(.text)
    TIM7_IRQHandler                          0x0800015f   Thumb Code     0  startup_stm32f10x_hd.o(.text)
    TIM8_BRK_IRQHandler                      0x0800015f   Thumb Code     0  startup_stm32f10x_hd.o(.text)
    TIM8_CC_IRQHandler                       0x0800015f   Thumb Code     0  startup_stm32f10x_hd.o(.text)
    TIM8_TRG_COM_IRQHandler                  0x0800015f   Thumb Code     0  startup_stm32f10x_hd.o(.text)
    TIM8_UP_IRQHandler                       0x0800015f   Thumb Code     0  startup_stm32f10x_hd.o(.text)
    UART4_IRQHandler                         0x0800015f   Thumb Code     0  startup_stm32f10x_hd.o(.text)
    UART5_IRQHandler                         0x0800015f   Thumb Code     0  startup_stm32f10x_hd.o(.text)
    USART1_IRQHandler                        0x0800015f   Thumb Code     0  startup_stm32f10x_hd.o(.text)
    USBWakeUp_IRQHandler                     0x0800015f   Thumb Code     0  startup_stm32f10x_hd.o(.text)
    USB_HP_CAN1_TX_IRQHandler                0x0800015f   Thumb Code     0  startup_stm32f10x_hd.o(.text)
    USB_LP_CAN1_RX0_IRQHandler               0x0800015f   Thumb Code     0  startup_stm32f10x_hd.o(.text)
    WWDG_IRQHandler                          0x0800015f   Thumb Code     0  startup_stm32f10x_hd.o(.text)
    OS_CPU_SR_Save                           0x08000169   Thumb Code     0  os_cpu_a.o(.text)
    OS_CPU_SR_Restore                        0x08000171   Thumb Code     0  os_cpu_a.o(.text)
    OSStartHighRdy                           0x08000177   Thumb Code     0  os_cpu_a.o(.text)
    OSCtxSw                                  0x08000199   Thumb Code     0  os_cpu_a.o(.text)
    OSIntCtxSw                               0x080001a7   Thumb Code     0  os_cpu_a.o(.text)
    PendSV_Handler                           0x080001b7   Thumb Code     0  os_cpu_a.o(.text)
    __aeabi_memcpy                           0x0800021d   Thumb Code    36  memcpya.o(.text)
    __aeabi_memcpy4                          0x0800021d   Thumb Code     0  memcpya.o(.text)
    __aeabi_memcpy8                          0x0800021d   Thumb Code     0  memcpya.o(.text)
    __aeabi_memset                           0x08000241   Thumb Code    14  memseta.o(.text)
    __aeabi_memset4                          0x08000241   Thumb Code     0  memseta.o(.text)
    __aeabi_memset8                          0x08000241   Thumb Code     0  memseta.o(.text)
    __aeabi_memclr                           0x0800024f   Thumb Code     4  memseta.o(.text)
    __aeabi_memclr4                          0x0800024f   Thumb Code     0  memseta.o(.text)
    __aeabi_memclr8                          0x0800024f   Thumb Code     0  memseta.o(.text)
    _memset$wrapper                          0x08000253   Thumb Code    18  memseta.o(.text)
    __scatterload                            0x08000265   Thumb Code    28  init.o(.text)
    __scatterload_rt2                        0x08000265   Thumb Code     0  init.o(.text)
    BspClockInit                             0x08000289   Thumb Code    38  bsp.o(i.BspClockInit)
    BusFault_Handler                         0x080002b9   Thumb Code     4  stm32f10x_it.o(i.BusFault_Handler)
    CAN1Config                               0x080002bd   Thumb Code   180  canconfig.o(i.CAN1Config)
    CAN1_BaudSet                             0x0800037d   Thumb Code   106  canconfig.o(i.CAN1_BaudSet)
    CAN1_RX1_IRQHandler                      0x080003ed   Thumb Code    40  obdcan_tx_rx.o(i.CAN1_RX1_IRQHandler)
    CAN1_SetFilter                           0x0800041d   Thumb Code   116  canconfig.o(i.CAN1_SetFilter)
    CAN_DeInit                               0x08000491   Thumb Code    50  stm32f10x_can.o(i.CAN_DeInit)
    CAN_FilterInit                           0x080004c9   Thumb Code   258  stm32f10x_can.o(i.CAN_FilterInit)
    CAN_ITConfig                             0x080005d1   Thumb Code    18  stm32f10x_can.o(i.CAN_ITConfig)
    CAN_Init                                 0x080005e3   Thumb Code   276  stm32f10x_can.o(i.CAN_Init)
    CAN_Receive                              0x080006f7   Thumb Code   240  stm32f10x_can.o(i.CAN_Receive)
    CAN_StructInit                           0x080007e7   Thumb Code    32  stm32f10x_can.o(i.CAN_StructInit)
    CAN_Transmit                             0x08000807   Thumb Code   294  stm32f10x_can.o(i.CAN_Transmit)
    CDMALEDTask                              0x0800092d   Thumb Code    82  main.o(i.CDMALEDTask)
    CDMASendDatas                            0x08000989   Thumb Code    86  cdma_tx_rx.o(i.CDMASendDatas)
    CDMATask                                 0x080009e9   Thumb Code    92  cdmatask.o(i.CDMATask)
    CDMAUart2Init                            0x08000a55   Thumb Code   278  bsp.o(i.CDMAUart2Init)
    CirQ_GetLength                           0x08000b7d   Thumb Code    14  memq.o(i.CirQ_GetLength)
    CirQ_OnePush                             0x08000b8b   Thumb Code    56  memq.o(i.CirQ_OnePush)
    CirQ_Pop                                 0x08000bc3   Thumb Code    54  memq.o(i.CirQ_Pop)
    CirQ_Pushs                               0x08000bf9   Thumb Code   142  memq.o(i.CirQ_Pushs)
    Cir_Queue_Init                           0x08000c87   Thumb Code    56  memq.o(i.Cir_Queue_Init)
    DebugMon_Handler                         0x08000cbf   Thumb Code     2  stm32f10x_it.o(i.DebugMon_Handler)
    GPIOLEDInit                              0x08000cc1   Thumb Code    46  bsp.o(i.GPIOLEDInit)
    GPIO_Init                                0x08000cf5   Thumb Code   278  stm32f10x_gpio.o(i.GPIO_Init)
    GPIO_PinRemapConfig                      0x08000e0d   Thumb Code   138  stm32f10x_gpio.o(i.GPIO_PinRemapConfig)
    GPIO_ResetBits                           0x08000e9d   Thumb Code     4  stm32f10x_gpio.o(i.GPIO_ResetBits)
    GPIO_SetBits                             0x08000ea1   Thumb Code     4  stm32f10x_gpio.o(i.GPIO_SetBits)
    GPSLEDTask                               0x08000ea5   Thumb Code    82  main.o(i.GPSLEDTask)
    GPSTask                                  0x08000f01   Thumb Code    16  gpstask.o(i.GPSTask)
    HardFault_Handler                        0x08000f11   Thumb Code     4  stm32f10x_it.o(i.HardFault_Handler)
    MemBuf_Init                              0x08000f15   Thumb Code   210  memblock.o(i.MemBuf_Init)
    MemManage_Handler                        0x08001021   Thumb Code     4  stm32f10x_it.o(i.MemManage_Handler)
    Mem_free                                 0x08001025   Thumb Code   144  memblock.o(i.Mem_free)
    Mem_malloc                               0x080010d1   Thumb Code   238  memblock.o(i.Mem_malloc)
    NMI_Handler                              0x080011dd   Thumb Code     2  stm32f10x_it.o(i.NMI_Handler)
    NVIC_Init                                0x080011e1   Thumb Code   100  misc.o(i.NVIC_Init)
    NVIC_PriorityGroupConfig                 0x08001251   Thumb Code    10  misc.o(i.NVIC_PriorityGroupConfig)
    OBDLEDTask                               0x08001265   Thumb Code    82  main.o(i.OBDLEDTask)
    OBDTask                                  0x080012c1   Thumb Code   266  obdtask.o(i.OBDTask)
    OBD_CAN_SendData                         0x080013fd   Thumb Code   106  obdcan_tx_rx.o(i.OBD_CAN_SendData)
    OSInit                                   0x08001471   Thumb Code    48  os_core.o(i.OSInit)
    OSInitHookBegin                          0x080014a1   Thumb Code     2  os_cpu_c.o(i.OSInitHookBegin)
    OSInitHookEnd                            0x080014a3   Thumb Code     2  os_cpu_c.o(i.OSInitHookEnd)
    OSIntEnter                               0x080014a5   Thumb Code    28  os_core.o(i.OSIntEnter)
    OSIntExit                                0x080014c9   Thumb Code   112  os_core.o(i.OSIntExit)
    OSMemCreate                              0x08001559   Thumb Code   118  os_mem.o(i.OSMemCreate)
    OSMemGet                                 0x080015d5   Thumb Code    62  os_mem.o(i.OSMemGet)
    OSMemPut                                 0x08001613   Thumb Code    54  os_mem.o(i.OSMemPut)
    OSQCreate                                0x08001649   Thumb Code   140  os_q.o(i.OSQCreate)
    OSQPend                                  0x080016e1   Thumb Code   272  os_q.o(i.OSQPend)
    OSQPost                                  0x080017fd   Thumb Code   114  os_q.o(i.OSQPost)
    OSStart                                  0x08001871   Thumb Code    48  os_core.o(i.OSStart)
    OSTCBInitHook                            0x080018b9   Thumb Code     2  os_cpu_c.o(i.OSTCBInitHook)
    OSTaskCreate                             0x080018bd   Thumb Code   148  os_task.o(i.OSTaskCreate)
    OSTaskCreateExt                          0x0800195d   Thumb Code   170  os_task.o(i.OSTaskCreateExt)
    OSTaskCreateHook                         0x08001a15   Thumb Code     2  os_cpu_c.o(i.OSTaskCreateHook)
    OSTaskIdleHook                           0x08001a17   Thumb Code     2  os_cpu_c.o(i.OSTaskIdleHook)
    OSTaskNameSet                            0x08001a19   Thumb Code    98  os_task.o(i.OSTaskNameSet)
    OSTaskStatHook                           0x08001a89   Thumb Code     2  os_cpu_c.o(i.OSTaskStatHook)
    OSTaskStkChk                             0x08001a8d   Thumb Code   132  os_task.o(i.OSTaskStkChk)
    OSTaskStkInit                            0x08001b19   Thumb Code   154  os_cpu_c.o(i.OSTaskStkInit)
    OSTaskSuspend                            0x08001bb5   Thumb Code   152  os_task.o(i.OSTaskSuspend)
    OSTaskSwHook                             0x08001c5d   Thumb Code     2  os_cpu_c.o(i.OSTaskSwHook)
    OSTimeDly                                0x08001c61   Thumb Code   100  os_time.o(i.OSTimeDly)
    OSTimeDlyHMSM                            0x08001cd9   Thumb Code    86  os_time.o(i.OSTimeDlyHMSM)
    OSTimeTick                               0x08001d39   Thumb Code   210  os_core.o(i.OSTimeTick)
    OSTimeTickHook                           0x08001e25   Thumb Code     2  os_cpu_c.o(i.OSTimeTickHook)
    OS_EventTaskRdy                          0x08001e29   Thumb Code   114  os_core.o(i.OS_EventTaskRdy)
    OS_EventTaskRemove                       0x08001ead   Thumb Code    42  os_core.o(i.OS_EventTaskRemove)
    OS_EventTaskWait                         0x08001ed9   Thumb Code   112  os_core.o(i.OS_EventTaskWait)
    OS_EventWaitListInit                     0x08001f55   Thumb Code    28  os_core.o(i.OS_EventWaitListInit)
    OS_FlagInit                              0x08001f71   Thumb Code    34  os_flag.o(i.OS_FlagInit)
    OS_MemClr                                0x080021ad   Thumb Code    18  os_core.o(i.OS_MemClr)
    OS_MemInit                               0x080021c1   Thumb Code    74  os_mem.o(i.OS_MemInit)
    OS_QInit                                 0x08002219   Thumb Code    72  os_q.o(i.OS_QInit)
    OS_Sched                                 0x08002269   Thumb Code    88  os_core.o(i.OS_Sched)
    OS_TCBInit                               0x08002309   Thumb Code   278  os_core.o(i.OS_TCBInit)
    OS_TaskIdle                              0x0800243d   Thumb Code    34  os_core.o(i.OS_TaskIdle)
    OS_TaskStat                              0x08002465   Thumb Code   116  os_core.o(i.OS_TaskStat)
    OS_TaskStatStkChk                        0x080024ed   Thumb Code    54  os_core.o(i.OS_TaskStatStkChk)
    OS_TaskStkClr                            0x08002529   Thumb Code    26  os_task.o(i.OS_TaskStkClr)
    RCC_AHBPeriphClockCmd                    0x08002545   Thumb Code    26  stm32f10x_rcc.o(i.RCC_AHBPeriphClockCmd)
    RCC_APB1PeriphClockCmd                   0x08002565   Thumb Code    26  stm32f10x_rcc.o(i.RCC_APB1PeriphClockCmd)
    RCC_APB1PeriphResetCmd                   0x08002585   Thumb Code    26  stm32f10x_rcc.o(i.RCC_APB1PeriphResetCmd)
    RCC_APB2PeriphClockCmd                   0x080025a5   Thumb Code    26  stm32f10x_rcc.o(i.RCC_APB2PeriphClockCmd)
    RCC_GetClocksFreq                        0x080025c5   Thumb Code   192  stm32f10x_rcc.o(i.RCC_GetClocksFreq)
    SVC_Handler                              0x08002699   Thumb Code     2  stm32f10x_it.o(i.SVC_Handler)
    StartTask                                0x08002785   Thumb Code   110  main.o(i.StartTask)
    Store_Init                               0x08002825   Thumb Code    54  memstore.o(i.Store_Init)
    Store_Push                               0x0800285b   Thumb Code    38  memstore.o(i.Store_Push)
    SysTickInit                              0x08002881   Thumb Code    92  bsp.o(i.SysTickInit)
    SysTick_CLKSourceConfig                  0x080028e9   Thumb Code    40  misc.o(i.SysTick_CLKSourceConfig)
    SysTick_Handler                          0x08002911   Thumb Code    16  time_systick.o(i.SysTick_Handler)
    SystemBspInit                            0x08002921   Thumb Code    20  bsp.o(i.SystemBspInit)
    SystemCoreClockUpdate                    0x08002935   Thumb Code   142  system_stm32f10x.o(i.SystemCoreClockUpdate)
    SystemInit                               0x080029d9   Thumb Code    78  system_stm32f10x.o(i.SystemInit)
    USART2_IRQHandler                        0x08002a39   Thumb Code   180  cdma_tx_rx.o(i.USART2_IRQHandler)
    USART3_IRQHandler                        0x08002b01   Thumb Code   110  obdklinetxrx.o(i.USART3_IRQHandler)
    USART_ClearITPendingBit                  0x08002b75   Thumb Code    30  stm32f10x_usart.o(i.USART_ClearITPendingBit)
    USART_Cmd                                0x08002b93   Thumb Code    24  stm32f10x_usart.o(i.USART_Cmd)
    USART_GetITStatus                        0x08002bab   Thumb Code    84  stm32f10x_usart.o(i.USART_GetITStatus)
    USART_ITConfig                           0x08002bff   Thumb Code    74  stm32f10x_usart.o(i.USART_ITConfig)
    USART_Init                               0x08002c49   Thumb Code   210  stm32f10x_usart.o(i.USART_Init)
    USART_ReceiveData                        0x08002d21   Thumb Code    10  stm32f10x_usart.o(i.USART_ReceiveData)
    USART_SendData                           0x08002d2b   Thumb Code     8  stm32f10x_usart.o(i.USART_SendData)
    UsageFault_Handler                       0x08002d33   Thumb Code     4  stm32f10x_it.o(i.UsageFault_Handler)
    __scatterload_copy                       0x08002d37   Thumb Code    14  handlers.o(i.__scatterload_copy)
    __scatterload_null                       0x08002d45   Thumb Code     2  handlers.o(i.__scatterload_null)
    __scatterload_zeroinit                   0x08002d47   Thumb Code    14  handlers.o(i.__scatterload_zeroinit)
    main                                     0x08002d55   Thumb Code    42  main.o(i.main)
    atCmd                                    0x08002d88   Data           4  cdmatask.o(.constdata)
    OSUnMapTbl                               0x08002d8c   Data         256  os_core.o(.constdata)
    Region$$Table$$Base                      0x08002e8c   Number         0  anon$$obj.o(Region$$Table)
    Region$$Table$$Limit                     0x08002eac   Number         0  anon$$obj.o(Region$$Table)
    freCDMALed                               0x20000000   Data           2  main.o(.data)
    freGPSLed                                0x20000002   Data           2  main.o(.data)
    freOBDLed                                0x20000004   Data           2  main.o(.data)
    SystemCoreClock                          0x20000008   Data           4  system_stm32f10x.o(.data)
    AHBPrescTable                            0x2000000c   Data          16  system_stm32f10x.o(.data)
    sendCDMA_Q                               0x2000001c   Data           4  cdmatask.o(.data)
    receCDMA_S                               0x20000020   Data           4  cdmatask.o(.data)
    byteRece                                 0x20000024   Data           1  cdma_tx_rx.o(.data)
    byteSend                                 0x20000025   Data           1  cdma_tx_rx.o(.data)
    PID01                                    0x20000028   Data           8  obdtask.o(.data)
    PID01_1                                  0x20000030   Data           8  obdtask.o(.data)
    PID02                                    0x20000038   Data           8  obdtask.o(.data)
    PID03                                    0x20000040   Data           8  obdtask.o(.data)
    PID04                                    0x20000048   Data           8  obdtask.o(.data)
    canRecieveQ                              0x20000050   Data           4  obdtask.o(.data)
    pMemBuf_10B                              0x20000058   Data           4  memblock.o(.data)
    pMemBuf_32B                              0x2000005c   Data           4  memblock.o(.data)
    pMemBuf_64B                              0x20000060   Data           4  memblock.o(.data)
    pMemBuf_128B                             0x20000064   Data           4  memblock.o(.data)
    pMemBuf_256B                             0x20000068   Data           4  memblock.o(.data)
    pMemBuf_512B                             0x2000006c   Data           4  memblock.o(.data)
    pMemBuf_1KB                              0x20000070   Data           4  memblock.o(.data)
    OSCtxSwCtr                               0x20000088   Data           4  os_core.o(.data)
    OSEventFreeList                          0x2000008c   Data           4  os_core.o(.data)
    OSFlagFreeList                           0x20000090   Data           4  os_core.o(.data)
    OSCPUUsage                               0x20000094   Data           1  os_core.o(.data)
    OSIdleCtrMax                             0x20000098   Data           4  os_core.o(.data)
    OSIdleCtrRun                             0x2000009c   Data           4  os_core.o(.data)
    OSStatRdy                                0x200000a0   Data           1  os_core.o(.data)
    OSIntNesting                             0x200000a1   Data           1  os_core.o(.data)
    OSLockNesting                            0x200000a2   Data           1  os_core.o(.data)
    OSPrioCur                                0x200000a3   Data           1  os_core.o(.data)
    OSPrioHighRdy                            0x200000a4   Data           1  os_core.o(.data)
    OSRdyGrp                                 0x200000a5   Data           1  os_core.o(.data)
    OSRdyTbl                                 0x200000a6   Data           8  os_core.o(.data)
    OSRunning                                0x200000ae   Data           1  os_core.o(.data)
    OSTaskCtr                                0x200000af   Data           1  os_core.o(.data)
    OSIdleCtr                                0x200000b0   Data           4  os_core.o(.data)
    OSTCBCur                                 0x200000b4   Data           4  os_core.o(.data)
    OSTCBFreeList                            0x200000b8   Data           4  os_core.o(.data)
    OSTCBHighRdy                             0x200000bc   Data           4  os_core.o(.data)
    OSTCBList                                0x200000c0   Data           4  os_core.o(.data)
    OSTickStepState                          0x200000c4   Data           1  os_core.o(.data)
    OSMemFreeList                            0x200000c8   Data           4  os_core.o(.data)
    OSQFreeList                              0x200000cc   Data           4  os_core.o(.data)
    OSTime                                   0x200000d0   Data           4  os_core.o(.data)
    START_TASK_STK                           0x200000d4   Data         512  main.o(.bss)
    CDMA_TASK_STK                            0x200002d4   Data         512  main.o(.bss)
    GPS_TASK_STK                             0x200004d4   Data         512  main.o(.bss)
    OBD_TASK_STK                             0x200006d4   Data         512  main.o(.bss)
    CDMA_LED_STK                             0x200008d4   Data         256  main.o(.bss)
    GPS_LED_STK                              0x200009d4   Data         256  main.o(.bss)
    OBD_LED_STK                              0x20000ad4   Data         256  main.o(.bss)
    CAN1_TxMsg                               0x20000bd4   Data          20  obdtask.o(.bss)
    dataToSend                               0x20000be8   Data          16  obdtask.o(.bss)
    canRecBuf                                0x20000bf8   Data          40  obdtask.o(.bss)
    startBuffSave                            0x20000c20   Data          50  obdtask.o(.bss)
    MemBuf_10B                               0x20000c68   Data         600  memblock.o(.bss)
    MemBuf_32B                               0x20000ec0   Data        1360  memblock.o(.bss)
    MemBuf_64B                               0x20001410   Data        2640  memblock.o(.bss)
    MemBuf_128B                              0x20001e60   Data        3900  memblock.o(.bss)
    MemBuf_256B                              0x20002d9c   Data        5160  memblock.o(.bss)
    MemBuf_512B                              0x200041c4   Data       10280  memblock.o(.bss)
    MemBuf_1KB                               0x200069ec   Data        6156  memblock.o(.bss)
    OSEventTbl                               0x200081f8   Data         400  os_core.o(.bss)
    OSFlagTbl                                0x20008388   Data          16  os_core.o(.bss)
    OSTaskStatStk                            0x20008398   Data         512  os_core.o(.bss)
    OSTaskIdleStk                            0x20008598   Data         512  os_core.o(.bss)
    OSTCBPrioTbl                             0x20008798   Data         256  os_core.o(.bss)
    OSTCBTbl                                 0x20008898   Data        1428  os_core.o(.bss)
    OSMemTbl                                 0x20008e2c   Data         240  os_core.o(.bss)
    OSQTbl                                   0x20008f1c   Data         120  os_core.o(.bss)
    __initial_sp                             0x20009398   Data           0  startup_stm32f10x_hd.o(STACK)



==============================================================================

Memory Map of the image

  Image Entry point : 0x08000131

  Load Region LR_IROM1 (Base: 0x08000000, Size: 0x00002f80, Max: 0x00080000, ABSOLUTE)

    Execution Region ER_IROM1 (Base: 0x08000000, Size: 0x00002eac, Max: 0x00080000, ABSOLUTE)

    Base Addr    Size         Type   Attr      Idx    E Section Name        Object

    0x08000000   0x00000130   Data   RO          790    RESET               startup_stm32f10x_hd.o
    0x08000130   0x00000000   Code   RO         3229  * .ARM.Collect$$$$00000000  mc_w.l(entry.o)
    0x08000130   0x00000004   Code   RO         3238    .ARM.Collect$$$$00000001  mc_w.l(entry2.o)
    0x08000134   0x00000004   Code   RO         3241    .ARM.Collect$$$$00000004  mc_w.l(entry5.o)
    0x08000138   0x00000000   Code   RO         3243    .ARM.Collect$$$$00000008  mc_w.l(entry7b.o)
    0x08000138   0x00000000   Code   RO         3245    .ARM.Collect$$$$0000000A  mc_w.l(entry8b.o)
    0x08000138   0x00000008   Code   RO         3246    .ARM.Collect$$$$0000000B  mc_w.l(entry9a.o)
    0x08000140   0x00000000   Code   RO         3248    .ARM.Collect$$$$0000000D  mc_w.l(entry10a.o)
    0x08000140   0x00000000   Code   RO         3250    .ARM.Collect$$$$0000000F  mc_w.l(entry11a.o)
    0x08000140   0x00000004   Code   RO         3239    .ARM.Collect$$$$00002712  mc_w.l(entry2.o)
    0x08000144   0x00000024   Code   RO          791    .text               startup_stm32f10x_hd.o
    0x08000168   0x000000b4   Code   RO         3136    .text               os_cpu_a.o
    0x0800021c   0x00000024   Code   RO         3232    .text               mc_w.l(memcpya.o)
    0x08000240   0x00000024   Code   RO         3234    .text               mc_w.l(memseta.o)
    0x08000264   0x00000024   Code   RO         3252    .text               mc_w.l(init.o)
    0x08000288   0x00000030   Code   RO          657    i.BspClockInit      bsp.o
    0x080002b8   0x00000004   Code   RO          192    i.BusFault_Handler  stm32f10x_it.o
    0x080002bc   0x000000c0   Code   RO          722    i.CAN1Config        canconfig.o
    0x0800037c   0x00000070   Code   RO          723    i.CAN1_BaudSet      canconfig.o
    0x080003ec   0x00000030   Code   RO          436    i.CAN1_RX1_IRQHandler  obdcan_tx_rx.o
    0x0800041c   0x00000074   Code   RO          725    i.CAN1_SetFilter    canconfig.o
    0x08000490   0x00000038   Code   RO         1481    i.CAN_DeInit        stm32f10x_can.o
    0x080004c8   0x00000108   Code   RO         1483    i.CAN_FilterInit    stm32f10x_can.o
    0x080005d0   0x00000012   Code   RO         1489    i.CAN_ITConfig      stm32f10x_can.o
    0x080005e2   0x00000114   Code   RO         1490    i.CAN_Init          stm32f10x_can.o
    0x080006f6   0x000000f0   Code   RO         1493    i.CAN_Receive       stm32f10x_can.o
    0x080007e6   0x00000020   Code   RO         1496    i.CAN_StructInit    stm32f10x_can.o
    0x08000806   0x00000126   Code   RO         1498    i.CAN_Transmit      stm32f10x_can.o
    0x0800092c   0x0000005c   Code   RO            3    i.CDMALEDTask       main.o
    0x08000988   0x00000060   Code   RO          367    i.CDMASendDatas     cdma_tx_rx.o
    0x080009e8   0x0000006c   Code   RO          342    i.CDMATask          cdmatask.o
    0x08000a54   0x00000128   Code   RO          658    i.CDMAUart2Init     bsp.o
    0x08000b7c   0x0000000e   Code   RO          546    i.CirQ_GetLength    memq.o
    0x08000b8a   0x00000038   Code   RO          547    i.CirQ_OnePush      memq.o
    0x08000bc2   0x00000036   Code   RO          548    i.CirQ_Pop          memq.o
    0x08000bf8   0x0000008e   Code   RO          549    i.CirQ_Pushs        memq.o
    0x08000c86   0x00000038   Code   RO          550    i.Cir_Queue_Init    memq.o
    0x08000cbe   0x00000002   Code   RO          193    i.DebugMon_Handler  stm32f10x_it.o
    0x08000cc0   0x00000034   Code   RO          659    i.GPIOLEDInit       bsp.o
    0x08000cf4   0x00000116   Code   RO          879    i.GPIO_Init         stm32f10x_gpio.o
    0x08000e0a   0x00000002   PAD
    0x08000e0c   0x00000090   Code   RO          881    i.GPIO_PinRemapConfig  stm32f10x_gpio.o
    0x08000e9c   0x00000004   Code   RO          886    i.GPIO_ResetBits    stm32f10x_gpio.o
    0x08000ea0   0x00000004   Code   RO          887    i.GPIO_SetBits      stm32f10x_gpio.o
    0x08000ea4   0x0000005c   Code   RO            4    i.GPSLEDTask        main.o
    0x08000f00   0x00000010   Code   RO          319    i.GPSTask           gpstask.o
    0x08000f10   0x00000004   Code   RO          194    i.HardFault_Handler  stm32f10x_it.o
    0x08000f14   0x0000010c   Code   RO          508    i.MemBuf_Init       memblock.o
    0x08001020   0x00000004   Code   RO          195    i.MemManage_Handler  stm32f10x_it.o
    0x08001024   0x000000ac   Code   RO          509    i.Mem_free          memblock.o
    0x080010d0   0x0000010c   Code   RO          510    i.Mem_malloc        memblock.o
    0x080011dc   0x00000002   Code   RO          196    i.NMI_Handler       stm32f10x_it.o
    0x080011de   0x00000002   PAD
    0x080011e0   0x00000070   Code   RO          797    i.NVIC_Init         misc.o
    0x08001250   0x00000014   Code   RO          798    i.NVIC_PriorityGroupConfig  misc.o
    0x08001264   0x0000005c   Code   RO            5    i.OBDLEDTask        main.o
    0x080012c0   0x0000013c   Code   RO          403    i.OBDTask           obdtask.o
    0x080013fc   0x00000074   Code   RO          437    i.OBD_CAN_SendData  obdcan_tx_rx.o
    0x08001470   0x00000030   Code   RO         2382    i.OSInit            os_core.o
    0x080014a0   0x00000002   Code   RO         3141    i.OSInitHookBegin   os_cpu_c.o
    0x080014a2   0x00000002   Code   RO         3142    i.OSInitHookEnd     os_cpu_c.o
    0x080014a4   0x00000024   Code   RO         2383    i.OSIntEnter        os_core.o
    0x080014c8   0x00000090   Code   RO         2384    i.OSIntExit         os_core.o
    0x08001558   0x0000007c   Code   RO         2723    i.OSMemCreate       os_mem.o
    0x080015d4   0x0000003e   Code   RO         2724    i.OSMemGet          os_mem.o
    0x08001612   0x00000036   Code   RO         2727    i.OSMemPut          os_mem.o
    0x08001648   0x00000098   Code   RO         2835    i.OSQCreate         os_q.o
    0x080016e0   0x0000011c   Code   RO         2838    i.OSQPend           os_q.o
    0x080017fc   0x00000072   Code   RO         2840    i.OSQPost           os_q.o
    0x0800186e   0x00000002   PAD
    0x08001870   0x00000048   Code   RO         2387    i.OSStart           os_core.o
    0x080018b8   0x00000002   Code   RO         3143    i.OSTCBInitHook     os_cpu_c.o
    0x080018ba   0x00000002   PAD
    0x080018bc   0x000000a0   Code   RO         2977    i.OSTaskCreate      os_task.o
    0x0800195c   0x000000b8   Code   RO         2978    i.OSTaskCreateExt   os_task.o
    0x08001a14   0x00000002   Code   RO         3144    i.OSTaskCreateHook  os_cpu_c.o
    0x08001a16   0x00000002   Code   RO         3146    i.OSTaskIdleHook    os_cpu_c.o
    0x08001a18   0x00000070   Code   RO         2982    i.OSTaskNameSet     os_task.o
    0x08001a88   0x00000002   Code   RO         3148    i.OSTaskStatHook    os_cpu_c.o
    0x08001a8a   0x00000002   PAD
    0x08001a8c   0x0000008c   Code   RO         2987    i.OSTaskStkChk      os_task.o
    0x08001b18   0x0000009a   Code   RO         3149    i.OSTaskStkInit     os_cpu_c.o
    0x08001bb2   0x00000002   PAD
    0x08001bb4   0x000000a8   Code   RO         2988    i.OSTaskSuspend     os_task.o
    0x08001c5c   0x00000002   Code   RO         3150    i.OSTaskSwHook      os_cpu_c.o
    0x08001c5e   0x00000002   PAD
    0x08001c60   0x00000078   Code   RO         3080    i.OSTimeDly         os_time.o
    0x08001cd8   0x00000060   Code   RO         3081    i.OSTimeDlyHMSM     os_time.o
    0x08001d38   0x000000ec   Code   RO         2389    i.OSTimeTick        os_core.o
    0x08001e24   0x00000002   Code   RO         3151    i.OSTimeTickHook    os_cpu_c.o
    0x08001e26   0x00000002   PAD
    0x08001e28   0x00000084   Code   RO         2392    i.OS_EventTaskRdy   os_core.o
    0x08001eac   0x0000002a   Code   RO         2393    i.OS_EventTaskRemove  os_core.o
    0x08001ed6   0x00000002   PAD
    0x08001ed8   0x0000007c   Code   RO         2394    i.OS_EventTaskWait  os_core.o
    0x08001f54   0x0000001c   Code   RO         2395    i.OS_EventWaitListInit  os_core.o
    0x08001f70   0x00000030   Code   RO         2581    i.OS_FlagInit       os_flag.o
    0x08001fa0   0x00000054   Code   RO         2396    i.OS_InitEventList  os_core.o
    0x08001ff4   0x00000054   Code   RO         2397    i.OS_InitMisc       os_core.o
    0x08002048   0x00000044   Code   RO         2398    i.OS_InitRdyList    os_core.o
    0x0800208c   0x00000080   Code   RO         2399    i.OS_InitTCBList    os_core.o
    0x0800210c   0x00000050   Code   RO         2400    i.OS_InitTaskIdle   os_core.o
    0x0800215c   0x00000050   Code   RO         2401    i.OS_InitTaskStat   os_core.o
    0x080021ac   0x00000012   Code   RO         2402    i.OS_MemClr         os_core.o
    0x080021be   0x00000002   PAD
    0x080021c0   0x00000058   Code   RO         2729    i.OS_MemInit        os_mem.o
    0x08002218   0x00000050   Code   RO         2844    i.OS_QInit          os_q.o
    0x08002268   0x00000074   Code   RO         2404    i.OS_Sched          os_core.o
    0x080022dc   0x0000002c   Code   RO         2405    i.OS_SchedNew       os_core.o
    0x08002308   0x00000134   Code   RO         2407    i.OS_TCBInit        os_core.o
    0x0800243c   0x00000028   Code   RO         2408    i.OS_TaskIdle       os_core.o
    0x08002464   0x00000088   Code   RO         2409    i.OS_TaskStat       os_core.o
    0x080024ec   0x0000003c   Code   RO         2410    i.OS_TaskStatStkChk  os_core.o
    0x08002528   0x0000001a   Code   RO         2990    i.OS_TaskStkClr     os_task.o
    0x08002542   0x00000002   PAD
    0x08002544   0x00000020   Code   RO          996    i.RCC_AHBPeriphClockCmd  stm32f10x_rcc.o
    0x08002564   0x00000020   Code   RO          997    i.RCC_APB1PeriphClockCmd  stm32f10x_rcc.o
    0x08002584   0x00000020   Code   RO          998    i.RCC_APB1PeriphResetCmd  stm32f10x_rcc.o
    0x080025a4   0x00000020   Code   RO          999    i.RCC_APB2PeriphClockCmd  stm32f10x_rcc.o
    0x080025c4   0x000000d4   Code   RO         1007    i.RCC_GetClocksFreq  stm32f10x_rcc.o
    0x08002698   0x00000002   Code   RO          197    i.SVC_Handler       stm32f10x_it.o
    0x0800269a   0x00000008   Code   RO          277    i.SetSysClock       system_stm32f10x.o
    0x080026a2   0x00000002   PAD
    0x080026a4   0x000000e0   Code   RO          278    i.SetSysClockTo72   system_stm32f10x.o
    0x08002784   0x000000a0   Code   RO            6    i.StartTask         main.o
    0x08002824   0x00000036   Code   RO          604    i.Store_Init        memstore.o
    0x0800285a   0x00000026   Code   RO          606    i.Store_Push        memstore.o
    0x08002880   0x00000068   Code   RO          662    i.SysTickInit       bsp.o
    0x080028e8   0x00000028   Code   RO          801    i.SysTick_CLKSourceConfig  misc.o
    0x08002910   0x00000010   Code   RO          760    i.SysTick_Handler   time_systick.o
    0x08002920   0x00000014   Code   RO          663    i.SystemBspInit     bsp.o
    0x08002934   0x000000a4   Code   RO          279    i.SystemCoreClockUpdate  system_stm32f10x.o
    0x080029d8   0x00000060   Code   RO          280    i.SystemInit        system_stm32f10x.o
    0x08002a38   0x000000c8   Code   RO          368    i.USART2_IRQHandler  cdma_tx_rx.o
    0x08002b00   0x00000074   Code   RO          483    i.USART3_IRQHandler  obdklinetxrx.o
    0x08002b74   0x0000001e   Code   RO         1204    i.USART_ClearITPendingBit  stm32f10x_usart.o
    0x08002b92   0x00000018   Code   RO         1207    i.USART_Cmd         stm32f10x_usart.o
    0x08002baa   0x00000054   Code   RO         1211    i.USART_GetITStatus  stm32f10x_usart.o
    0x08002bfe   0x0000004a   Code   RO         1213    i.USART_ITConfig    stm32f10x_usart.o
    0x08002c48   0x000000d8   Code   RO         1214    i.USART_Init        stm32f10x_usart.o
    0x08002d20   0x0000000a   Code   RO         1221    i.USART_ReceiveData  stm32f10x_usart.o
    0x08002d2a   0x00000008   Code   RO         1224    i.USART_SendData    stm32f10x_usart.o
    0x08002d32   0x00000004   Code   RO          198    i.UsageFault_Handler  stm32f10x_it.o
    0x08002d36   0x0000000e   Code   RO         3256    i.__scatterload_copy  mc_w.l(handlers.o)
    0x08002d44   0x00000002   Code   RO         3257    i.__scatterload_null  mc_w.l(handlers.o)
    0x08002d46   0x0000000e   Code   RO         3258    i.__scatterload_zeroinit  mc_w.l(handlers.o)
    0x08002d54   0x00000034   Code   RO            7    i.main              main.o
    0x08002d88   0x00000004   Data   RO          343    .constdata          cdmatask.o
    0x08002d8c   0x00000100   Data   RO         2412    .constdata          os_core.o
    0x08002e8c   0x00000020   Data   RO         3254    Region$$Table       anon$$obj.o


    Execution Region RW_IRAM1 (Base: 0x20000000, Size: 0x00009398, Max: 0x00010000, ABSOLUTE)

    Base Addr    Size         Type   Attr      Idx    E Section Name        Object

    0x20000000   0x00000006   Data   RW            9    .data               main.o
    0x20000006   0x00000002   PAD
    0x20000008   0x00000014   Data   RW          281    .data               system_stm32f10x.o
    0x2000001c   0x00000008   Data   RW          344    .data               cdmatask.o
    0x20000024   0x00000002   Data   RW          369    .data               cdma_tx_rx.o
    0x20000026   0x00000002   PAD
    0x20000028   0x0000002d   Data   RW          405    .data               obdtask.o
    0x20000055   0x00000003   PAD
    0x20000058   0x0000001c   Data   RW          512    .data               memblock.o
    0x20000074   0x00000014   Data   RW         1027    .data               stm32f10x_rcc.o
    0x20000088   0x0000004c   Data   RW         2413    .data               os_core.o
    0x200000d4   0x00000b00   Zero   RW            8    .bss                main.o
    0x20000bd4   0x0000007e   Zero   RW          404    .bss                obdtask.o
    0x20000c52   0x00000002   PAD
    0x20000c54   0x00000014   Zero   RW          438    .bss                obdcan_tx_rx.o
    0x20000c68   0x00007590   Zero   RW          511    .bss                memblock.o
    0x200081f8   0x00000d9c   Zero   RW         2411    .bss                os_core.o
    0x20008f94   0x00000004   PAD
    0x20008f98   0x00000400   Zero   RW          788    STACK               startup_stm32f10x_hd.o


==============================================================================

Image component sizes


      Code (inc. data)   RO Data    RW Data    ZI Data      Debug   Object Name

       520         46          0          0          0      24622   bsp.o
       420         18          0          0          0       1821   canconfig.o
       296         30          0          2          0       1784   cdma_tx_rx.o
       108         16          4          8          0        989   cdmatask.o
        16          0          0          0          0        410   gpstask.o
       488         90          0          6       2816     253028   main.o
       708        116          0         28      30096       3151   memblock.o
       322          0          0          0          0       3113   memq.o
        92          0          0          0          0       1114   memstore.o
       172         22          0          0          0       1857   misc.o
       164         18          0          0         20       1510   obdcan_tx_rx.o
       116          6          0          0          0        524   obdklinetxrx.o
       316         50          0         45        126       2419   obdtask.o
      2108        382        256         76       3484      20233   os_core.o
       180         36          0          0          0        316   os_cpu_a.o
       170          0          0          0          0      12842   os_cpu_c.o
        48         14          0          0          0        426   os_flag.o
       328         20          0          0          0       3049   os_mem.o
       630         32          0          0          0       3219   os_q.o
       790         64          0          0          0       5092   os_task.o
       216         30          0          0          0       1296   os_time.o
        36          8        304          0       1024        760   startup_stm32f10x_hd.o
      1180         12          0          0          0       5018   stm32f10x_can.o
       430          6          0          0          0       3602   stm32f10x_gpio.o
        22          0          0          0          0       2723   stm32f10x_it.o
       340         44          0         20          0       5251   stm32f10x_rcc.o
       446          6          0          0          0       5737   stm32f10x_usart.o
       492         50          0         20          0       2553   system_stm32f10x.o
        16          0          0          0          0        450   time_systick.o

    ----------------------------------------------------------------------
     11194       1116        596        212      37572     368909   Object Totals
         0          0         32          0          0          0   (incl. Generated)
        24          0          0          7          6          0   (incl. Padding)

    ----------------------------------------------------------------------

      Code (inc. data)   RO Data    RW Data    ZI Data      Debug   Library Member Name

         0          0          0          0          0          0   entry.o
         0          0          0          0          0          0   entry10a.o
         0          0          0          0          0          0   entry11a.o
         8          4          0          0          0          0   entry2.o
         4          0          0          0          0          0   entry5.o
         0          0          0          0          0          0   entry7b.o
         0          0          0          0          0          0   entry8b.o
         8          4          0          0          0          0   entry9a.o
        30          0          0          0          0          0   handlers.o
        36          8          0          0          0         68   init.o
        36          0          0          0          0         68   memcpya.o
        36          0          0          0          0        108   memseta.o

    ----------------------------------------------------------------------
       158         16          0          0          0        244   Library Totals
         0          0          0          0          0          0   (incl. Padding)

    ----------------------------------------------------------------------

      Code (inc. data)   RO Data    RW Data    ZI Data      Debug   Library Name

       158         16          0          0          0        244   mc_w.l

    ----------------------------------------------------------------------
       158         16          0          0          0        244   Library Totals

    ----------------------------------------------------------------------

==============================================================================


      Code (inc. data)   RO Data    RW Data    ZI Data      Debug   

     11352       1132        596        212      37572     363429   Grand Totals
     11352       1132        596        212      37572     363429   ELF Image Totals
     11352       1132        596        212          0          0   ROM Totals

==============================================================================

    Total RO  Size (Code + RO Data)                11948 (  11.67kB)
    Total RW  Size (RW Data + ZI Data)             37784 (  36.90kB)
    Total ROM Size (Code + RO Data + RW Data)      12160 (  11.88kB)

==============================================================================

